05-30 22:40:55.514  6503  7369 E Battery : AppStats: Uid = 10290; pkgName = com.masarat.salati; MobileRxPacketsPower = 0.002776816197530864 mAh; MobileTxPacketsPower = 0.0031012219259259257 mAh; MobileTotalPower = 0.00587803812345679 mAh; MobileTotalRxPacketsPower = 3.0261728395061024E-5 mAh; MobileTotalTxPacketsPower = 3.8735012345678544E-5 mAh; MobileTotalTotalPower = 6.899674074074044E-5 mAh
05-30 22:40:55.514  6503  7369 E Battery : AppStats: Uid = 10290; pkgName = com.masarat.salati; GpsTime = 0 ms; GpsTotalTime = 0 ms
05-30 22:40:55.514  6503  7369 E Battery : AppStats: Uid = 10290; pkgName = com.masarat.salati; GpsPower = 0.0 mAh; GpsTotalPower = 0.0 mAh
05-30 22:40:55.514  6503  7369 E Battery : AppStats: Uid = 10290; pkgName = com.masarat.salati; SensorTime = 0 ms; SensorTotalTime = 0 ms
05-30 22:40:55.514  6503  7369 E Battery : AppStats: Uid = 10290; pkgName = com.masarat.salati; SensorPower = 0.0 mAh; SensorTotalPower = 0.0 mAh
05-30 22:40:55.514  6503  7369 E Battery : AppStats: Uid = 10290; pkgName = com.masarat.salati; CameraTime = 0 ms; CameraTotalTime = 0 ms
05-30 22:40:55.514  6503  7369 E Battery : AppStats: Uid = 10290; pkgName = com.masarat.salati; CameraPower = 0.0 mAh; CameraTotalPower = 0.0 ms
05-30 22:40:55.514  6503  7369 E Battery : AppStats: Uid = 10290; pkgName = com.masarat.salati; FlashLightTime = 0 ms; FlashLightTotalTime = 0 ms
05-30 22:40:55.514  6503  7369 E Battery : AppStats: Uid = 10290; pkgName = com.masarat.salati; FlashLightPower = 0.0 mAh; FlashLightTotalPower = 0.0 mAh
05-30 22:40:55.518  6503  7369 E Battery : AppStats: Uid = 10347; pkgName = com.oplus.melody; CpuTime = 6084 ms; CpuTotalTime = 7156 ms
05-30 22:40:55.518  6503  7369 E Battery : AppStats: Uid = 10347; pkgName = com.oplus.melody; CpuKernelTime = 2040 ms; CpuTotalKernelTime = 2753 ms
05-30 22:40:55.518  6503  7369 E Battery : AppStats: Uid = 10347; pkgName = com.oplus.melody; CpuUserTime = 4044 ms; CpuTotalUserTime = 4403 ms
05-30 22:40:55.518  6503  7369 E Battery : AppStats: Uid = 10347; pkgName = com.oplus.melody; CpuPower = 0.3111711111111111 mAh.; CpuTotalPower = 0.36351805555555544 mAh.
05-30 22:40:55.518  6503  7369 E Battery : AppStats: Uid = 10347; pkgName = com.oplus.melody; AlarmWakeupCount = 0; AlarmTotalWakeupCount = 0
05-30 22:40:55.518  6503  7369 E Battery : AppStats: Uid = 10347; pkgName = com.oplus.melody; JobCount = 0; JobTime = 0; JobTotalCount = 0; JobTotalTime = 0
05-30 22:40:55.518  6503  7369 E Battery : AppStats: Uid = 10347; pkgName = com.oplus.melody; SyncCount = 0; SyncTime = 0; SyncTotalCount = 0; SyncTotalTime = 0
05-30 22:40:55.518  6503  7369 E Battery : AppStats: Uid = 10347; pkgName = com.oplus.melody; WakeLockTime = 0 ms; WakeLockPower = 0.0 mAh.; WakeLockTotalTime = 0 ms; WakeLockTotalPower = 0.0 mAh.
05-30 22:40:55.518  6503  7369 E Battery : AppStats: Uid = 10347; pkgName = com.oplus.melody; WifiRxBytes = 164777499 Bytes; WifiTxBytes = 9564928 Bytes; WifiRxPackets = 171987 ; WifiTxPackets = 154869 ; WiFiScanTimeMs = 0 ; WiFiBatchScanTimeMs = 0
05-30 22:40:55.518  6503  7369 E Battery : AppStats: Uid = 10347; pkgName = com.oplus.melody; WifiRxPacketsPower = 1.065363883972168 mAh; WifiTxPacketsPower = 0.9593273997306824 mAh; WifiScanPower = 0.0 mAh; WifiBatchScanPower = 0.0 mAh; WiFiTotalPower = 2.024691343307495 mAh
05-30 22:40:55.518  6503  7369 E Battery : AppStats: Uid = 10347; pkgName = com.oplus.melody; MobileRxBytes = 6990781 Bytes; MobileTxBytes = 2265731 Bytes; MobileRxPackets = 18588 ; MobileTxPackets = 17092 ; MobileActiveCount = 8 ; MobileActiveTime = 3075 ; MobileTotalRxBytes = 63779 Bytes; MobileTotalTxBytes = 19848 Bytes; MobileTotalRxPackets = 173 ; MobileTotalTxPackets = 154 ; MobileTotalActiveCount = 19 ; MobileTotalActiveTime = 11058
05-30 22:40:55.518  6503  7369 E Battery : AppStats: Uid = 10347; pkgName = com.oplus.melody; MobileRxPacketsPower = 0.022500200296296295 mAh; MobileTxPacketsPower = 0.0206893384691358 mAh; MobileTotalPower = 0.04318953876543209 mAh; MobileTotalRxPacketsPower = 2.094111604938366E-4 mAh; MobileTotalTxPacketsPower = 1.8641224691357677E-4 mAh; MobileTotalTotalPower = 3.9582340740740296E-4 mAh
05-30 22:40:55.518  6503  7369 E Battery : AppStats: Uid = 10347; pkgName = com.oplus.melody; GpsTime = 0 ms; GpsTotalTime = 0 ms
05-30 22:40:55.518  6503  7369 E Battery : AppStats: Uid = 10347; pkgName = com.oplus.melody; GpsPower = 0.0 mAh; GpsTotalPower = 0.0 mAh
05-30 22:40:55.518  6503  7369 E Battery : AppStats: Uid = 10347; pkgName = com.oplus.melody; SensorTime = 31421 ms; SensorTotalTime = 38382 ms
05-30 22:40:55.518  6503  7369 E Battery : AppStats: Uid = 10347; pkgName = com.oplus.melody; SensorPower = 0.012350198812782764 mAh; SensorTotalPower = 0.015086258761584759 mAh
05-30 22:40:55.518  6503  7369 E Battery : AppStats: Uid = 10347; pkgName = com.oplus.melody; CameraTime = 0 ms; CameraTotalTime = 0 ms
05-30 22:40:55.518  6503  7369 E Battery : AppStats: Uid = 10347; pkgName = com.oplus.melody; CameraPower = 0.0 mAh; CameraTotalPower = 0.0 ms
05-30 22:40:55.518  6503  7369 E Battery : AppStats: Uid = 10347; pkgName = com.oplus.melody; FlashLightTime = 0 ms; FlashLightTotalTime = 0 ms
05-30 22:40:55.518  6503  7369 E Battery : AppStats: Uid = 10347; pkgName = com.oplus.melody; FlashLightPower = 0.0 mAh; FlashLightTotalPower = 0.0 mAh
05-30 22:40:55.523  6503  7369 E Battery : AppStats: Uid = 10261; pkgName = com.facebook.katana; CpuTime = 648292 ms; CpuTotalTime = 620171 ms
05-30 22:40:55.523  6503  7369 E Battery : AppStats: Uid = 10261; pkgName = com.facebook.katana; CpuKernelTime = 215278 ms; CpuTotalKernelTime = 235500 ms
05-30 22:40:55.523  6503  7369 E Battery : AppStats: Uid = 10261; pkgName = com.facebook.katana; CpuUserTime = 433014 ms; CpuTotalUserTime = 384671 ms
05-30 22:40:55.523  6503  7369 E Battery : AppStats: Uid = 10261; pkgName = com.facebook.katana; CpuPower = 23.40922986111111 mAh.; CpuTotalPower = 19.259854861111005 mAh.
05-30 22:40:55.523  6503  7369 E Battery : AppStats: Uid = 10261; pkgName = com.facebook.katana; AlarmWakeupCount = 13; AlarmTotalWakeupCount = 49
05-30 22:40:55.523  6503  7369 E Battery : AppStats: Uid = 10261; pkgName = com.facebook.katana; JobCount = 36; JobTime = 7873; JobTotalCount = 34; JobTotalTime = 10238
05-30 22:40:55.523  6503  7369 E Battery : AppStats: Uid = 10261; pkgName = com.facebook.katana; SyncCount = 0; SyncTime = 0; SyncTotalCount = 0; SyncTotalTime = 0
05-30 22:40:55.523  6503  7369 E Battery : AppStats: Uid = 10261; pkgName = com.facebook.katana; WakeLockTime = 1217 ms; WakeLockPower = 0.0 mAh.; WakeLockTotalTime = 7531 ms; WakeLockTotalPower = 0.013597638888888888 mAh.
05-30 22:40:55.523  6503  7369 E Battery : AppStats: Uid = 10261; pkgName = com.facebook.katana; WifiRxBytes = 164777499 Bytes; WifiTxBytes = 9564928 Bytes; WifiRxPackets = 171987 ; WifiTxPackets = 154869 ; WiFiScanTimeMs = 21323 ; WiFiBatchScanTimeMs = 0
05-30 22:40:55.523  6503  7369 E Battery : AppStats: Uid = 10261; pkgName = com.facebook.katana; WifiRxPacketsPower = 1.065363883972168 mAh; WifiTxPacketsPower = 0.9593273997306824 mAh; WifiScanPower = 0.7107666666666667 mAh; WifiBatchScanPower = 0.0 mAh; WiFiTotalPower = 2.735458009974162 mAh
05-30 22:40:55.523  6503  7369 E Battery : AppStats: Uid = 10261; pkgName = com.facebook.katana; MobileRxBytes = 34181704860 Bytes; MobileTxBytes = 1326592989 Bytes; MobileRxPackets = 28875522 ; MobileTxPackets = 4359192 ; MobileActiveCount = 148 ; MobileActiveTime = 704243 ; MobileTotalRxBytes = 42691592 Bytes; MobileTotalTxBytes = 3950089 Bytes; MobileTotalRxPackets = 38797 ; MobileTotalTxPackets = 10170 ; MobileTotalActiveCount = 199 ; MobileTotalActiveTime = 959911
05-30 22:40:55.523  6503  7369 E Battery : AppStats: Uid = 10261; pkgName = com.facebook.katana; MobileRxPacketsPower = 34.952928161185184 mAh; MobileTxPacketsPower = 5.276667373037037 mAh; MobileTotalPower = 40.22959553422222 mAh; MobileTotalRxPacketsPower = 0.04696257106173363 mAh; MobileTotalTxPacketsPower = 0.012310471111113941 mAh; MobileTotalTotalPower = 0.05927304217286178 mAh
05-30 22:40:55.524  6503  7369 E Battery : AppStats: Uid = 10261; pkgName = com.facebook.katana; GpsTime = 0 ms; GpsTotalTime = 0 ms
05-30 22:40:55.524  6503  7369 E Battery : AppStats: Uid = 10261; pkgName = com.facebook.katana; GpsPower = 0.0 mAh; GpsTotalPower = 0.0 mAh
05-30 22:40:55.524  6503  7369 E Battery : AppStats: Uid = 10261; pkgName = com.facebook.katana; SensorTime = 226329 ms; SensorTotalTime = 56184 ms
05-30 22:40:55.524  6503  7369 E Battery : AppStats: Uid = 10261; pkgName = com.facebook.katana; SensorPower = 0.08895987272262573 mAh; SensorTotalPower = 0.02208335732575506 mAh
05-30 22:40:55.524  6503  7369 E Battery : AppStats: Uid = 10261; pkgName = com.facebook.katana; CameraTime = 0 ms; CameraTotalTime = 0 ms
05-30 22:40:55.524  6503  7369 E Battery : AppStats: Uid = 10261; pkgName = com.facebook.katana; CameraPower = 0.0 mAh; CameraTotalPower = 0.0 ms
05-30 22:40:55.524  6503  7369 E Battery : AppStats: Uid = 10261; pkgName = com.facebook.katana; FlashLightTime = 0 ms; FlashLightTotalTime = 0 ms
05-30 22:40:55.524  6503  7369 E Battery : AppStats: Uid = 10261; pkgName = com.facebook.katana; FlashLightPower = 0.0 mAh; FlashLightTotalPower = 0.0 mAh
05-30 22:40:55.527  6503  7369 E Battery : AppStats: Uid = 10011; pkgName = com.supercell.clashroyale; CpuTime = 320469 ms; CpuTotalTime = 844447 ms
05-30 22:40:55.527  6503  7369 E Battery : AppStats: Uid = 10011; pkgName = com.supercell.clashroyale; CpuKernelTime = 36191 ms; CpuTotalKernelTime = 7527 ms
05-30 22:40:55.527  6503  7369 E Battery : AppStats: Uid = 10011; pkgName = com.supercell.clashroyale; CpuUserTime = 284278 ms; CpuTotalUserTime = 836920 ms
05-30 22:40:55.527  6503  7369 E Battery : AppStats: Uid = 10011; pkgName = com.supercell.clashroyale; CpuPower = 14.826729444444444 mAh.; CpuTotalPower = 50.753230000000066 mAh.
05-30 22:40:55.527  6503  7369 E Battery : AppStats: Uid = 10011; pkgName = com.supercell.clashroyale; AlarmWakeupCount = 0; AlarmTotalWakeupCount = 0
05-30 22:40:55.527  6503  7369 E Battery : AppStats: Uid = 10011; pkgName = com.supercell.clashroyale; JobCount = 0; JobTime = 0; JobTotalCount = 0; JobTotalTime = 0
05-30 22:40:55.527  6503  7369 E Battery : AppStats: Uid = 10011; pkgName = com.supercell.clashroyale; SyncCount = 0; SyncTime = 0; SyncTotalCount = 0; SyncTotalTime = 0
05-30 22:40:55.527  6503  7369 E Battery : AppStats: Uid = 10011; pkgName = com.supercell.clashroyale; WakeLockTime = 0 ms; WakeLockPower = 0.0 mAh.; WakeLockTotalTime = 0 ms; WakeLockTotalPower = 0.0 mAh.
05-30 22:40:55.527  6503  7369 E Battery : AppStats: Uid = 10011; pkgName = com.supercell.clashroyale; WifiRxBytes = 164777499 Bytes; WifiTxBytes = 9564928 Bytes; WifiRxPackets = 171987 ; WifiTxPackets = 154869 ; WiFiScanTimeMs = 0 ; WiFiBatchScanTimeMs = 0
05-30 22:40:55.527  6503  7369 E Battery : AppStats: Uid = 10011; pkgName = com.supercell.clashroyale; WifiRxPacketsPower = 1.065363883972168 mAh; WifiTxPacketsPower = 0.9593273997306824 mAh; WifiScanPower = 0.0 mAh; WifiBatchScanPower = 0.0 mAh; WiFiTotalPower = 2.024691343307495 mAh
05-30 22:40:55.527  6503  7369 E Battery : AppStats: Uid = 10011; pkgName = com.supercell.clashroyale; MobileRxBytes = 321548476 Bytes; MobileTxBytes = 55203918 Bytes; MobileRxPackets = 671285 ; MobileTxPackets = 852740 ; MobileActiveCount = 23 ; MobileActiveTime = 31327 ; MobileTotalRxBytes = 725340 Bytes; MobileTotalTxBytes = 171946 Bytes; MobileTotalRxPackets = 1679 ; MobileTotalTxPackets = 2148 ; MobileTotalActiveCount = 21 ; MobileTotalActiveTime = 29347
05-30 22:40:55.527  6503  7369 E Battery : AppStats: Uid = 10011; pkgName = com.supercell.clashroyale; MobileRxPacketsPower = 0.8125697738271604 mAh; MobileTxPacketsPower = 1.0322154508641974 mAh; MobileTotalPower = 1.8447852246913579 mAh; MobileTotalRxPacketsPower = 0.0020323776790126535 mAh; MobileTotalTxPacketsPower = 0.0026000877037031245 mAh; MobileTotalTotalPower = 0.004632465382717665 mAh
05-30 22:40:55.527  6503  7369 E Battery : AppStats: Uid = 10011; pkgName = com.supercell.clashroyale; GpsTime = 0 ms; GpsTotalTime = 0 ms
05-30 22:40:55.527  6503  7369 E Battery : AppStats: Uid = 10011; pkgName = com.supercell.clashroyale; GpsPower = 0.0 mAh; GpsTotalPower = 0.0 mAh
05-30 22:40:55.527  6503  7369 E Battery : AppStats: Uid = 10011; pkgName = com.supercell.clashroyale; SensorTime = 0 ms; SensorTotalTime = 2662 ms
05-30 22:40:55.527  6503  7369 E Battery : AppStats: Uid = 10011; pkgName = com.supercell.clashroyale; SensorPower = 0.0 mAh; SensorTotalPower = 0.001046307384967804 mAh
05-30 22:40:55.527  6503  7369 E Battery : AppStats: Uid = 10011; pkgName = com.supercell.clashroyale; CameraTime = 0 ms; CameraTotalTime = 0 ms
05-30 22:40:55.527  6503  7369 E Battery : AppStats: Uid = 10011; pkgName = com.supercell.clashroyale; CameraPower = 0.0 mAh; CameraTotalPower = 0.0 ms
05-30 22:40:55.527  6503  7369 E Battery : AppStats: Uid = 10011; pkgName = com.supercell.clashroyale; FlashLightTime = 0 ms; FlashLightTotalTime = 0 ms
05-30 22:40:55.527  6503  7369 E Battery : AppStats: Uid = 10011; pkgName = com.supercell.clashroyale; FlashLightPower = 0.0 mAh; FlashLightTotalPower = 0.0 mAh
05-30 22:40:55.533  2006  3060 D Osense-DecisionMaker: notifyDelayedSceneToPolicy
05-30 22:40:55.533  2006  3060 D Osense-DecisionMaker: getCurrentSysStats, availmemMb: 5573
05-30 22:40:55.533  2006  3060 D Osense-DecisionMaker: getCurrentSysStats, availmemMb: 5573
05-30 22:40:55.533  2006  3060 D Osense-DecisionMaker: getCurrentSysStats, availmemMb: 5573
05-30 22:40:55.533  2006  3060 D Osense-DecisionMaker: getCurrentSysStats, availmemMb: 5573
05-30 22:40:55.574  4119  4615 I Athena  : CommonAction: 22,5576,131,3323,5632,41,442,466,2500,4908,2894,1722,0.0,22
05-30 22:40:55.646  4777 24556 D OplusAtlasService: getAttributeByAppName module:oplus-getStreamMaxVolume packageName:com.google.android.youtube
05-30 22:40:55.647 21654 21654 D AudioManagerExtImpl: getStreamVolume normal, volume index=16
05-30 22:40:55.674  4777 24556 D OplusAtlasService: getAttributeByAppName module:oplus-getStreamMaxVolume packageName:com.google.android.youtube
05-30 22:40:55.675 21654 21654 D AudioManagerExtImpl: getStreamVolume normal, volume index=16
05-30 22:40:55.722  5513  8885 D DebugReportServiceHidlClient: getReport 1.1...
05-30 22:40:55.722  5513  8885 D DebugReportServiceHidlClient: getReport 1.1 success: true
05-30 22:40:55.722  5513  8885 D DebugReportServiceHidlClient: getReport 1.0 success: true
05-30 22:40:55.752  2006  4189 D WifiNl80211Manager: Scan result ready event
05-30 22:40:55.752  2006  4189 D WifiNative: Scan result ready event
05-30 22:40:55.753  2006  2952 D OplusScanResultsProxy: fewApNum:5
05-30 22:40:55.755  2006  2952 D WakeupController: Attempted to handleScanResults while not enabled
05-30 22:40:55.775  2006  4189 D LocationManagerService: incoming location from: network
05-30 22:40:55.775  2006  4189 D LocationManagerService: incoming location from: network
05-30 22:40:55.848  4777 24556 D OplusAtlasService: getAttributeByAppName module:oplus-getStreamMaxVolume packageName:com.google.android.youtube
05-30 22:40:55.850 21654 21654 D AudioManagerExtImpl: getStreamVolume normal, volume index=16
05-30 22:40:55.855  2006  4189 D LocationManagerService: gps provider added registration from 10334/it.omarkiarafederico.skitracker/EE737AAB -> Request[@0 HIGH_ACCURACY, WorkSource{10334 it.omarkiarafederico.skitracker}] permissionLevel: 2 permitted: true
05-30 22:40:55.855  2006  4189 V OplusLocationStatusMonitor: give up it, I have record it early
05-30 22:40:55.856  2006  4189 D LocationManagerService: registration onActive from uid: 10334 package: it.omarkiarafederico.skitracker
05-30 22:40:55.856  2006  6376 D LocationManagerService: network provider added registration from 10334/it.omarkiarafederico.skitracker/EE737AAB -> Request[@0 BALANCED, WorkSource{10334 it.omarkiarafederico.skitracker}] permissionLevel: 2 permitted: true
05-30 22:40:55.857  2006  6376 D LocationManagerService: registration onActive from uid: 10334 package: it.omarkiarafederico.skitracker
05-30 22:40:55.857  8818  8818 D LifecycleMonitor: Lifecycle status change: it.omarkiarafederico.skitracker.view.skimap.MapActivity@165bf5f in: STARTED
05-30 22:40:55.858  8818  8818 V ActivityScenario: Update currentActivityStage to STARTED, currentActivity=it.omarkiarafederico.skitracker.view.skimap.MapActivity@165bf5f
05-30 22:40:55.858  8818  8818 D LifecycleMonitor: Lifecycle status change: it.omarkiarafederico.skitracker.view.skimap.MapActivity@165bf5f in: RESUMED
05-30 22:40:55.858  8818  8818 V ActivityScenario: Update currentActivityStage to RESUMED, currentActivity=it.omarkiarafederico.skitracker.view.skimap.MapActivity@165bf5f
05-30 22:40:55.859  1488  2502 I SurfaceFlinger: [SF client] NEW(0xb400007ef76ae700) for (8818:it.omarkiarafederico.skitracker)
05-30 22:40:55.861  8818  8818 D WindowManager: Add to mViews: DecorView@fe102f[MapActivity],pkg= it.omarkiarafederico.skitracker
05-30 22:40:55.865  8818  8818 D InputEventReceiver: Input log is disabled
05-30 22:40:55.866  8818  8818 D VRI[MapActivity]: onFocusEvent false
05-30 22:40:55.866  8818  8818 I Choreographer: Skipped 53 frames!  The application may be doing too much work on its main thread.
05-30 22:40:55.876  4777 24556 D OplusAtlasService: getAttributeByAppName module:oplus-getStreamMaxVolume packageName:com.google.android.youtube
05-30 22:40:55.878 21654 21654 D AudioManagerExtImpl: getStreamVolume normal, volume index=16
05-30 22:40:55.882  2006  2870 D Theia.NoFocusWindow: FocusWindowErrorScene cancelCheckFreezeScreen
05-30 22:40:55.884  8818  8818 D BufferQueueConsumer: [](id:227200000001,api:0,p:-1,c:8818) connect: controlledByApp=false
05-30 22:40:55.885  8818  8856 D BufferQueueProducer: [VRI[MapActivity]#1(BLAST Consumer)1](id:227200000001,api:1,p:8818,c:8818) connect: api=1 producerControlledByApp=true
05-30 22:40:55.893  1488  1488 D Layer   : reparent to null sequence=211323, seq[1], name=Surface(name=93ef453 StatusBar)/@0x179481f - animation-leash of insets_animation#211323
05-30 22:40:55.893  1488  1488 D Layer   : reparent to null sequence=211324, seq[2], name=Surface(name=ab9d8d1 NavigationBar0)/@0x59b5135 - animation-leash of insets_animation#211324
05-30 22:40:55.893  1488  1488 D OplusLayer: ~Layer() sequence=211323, name=Surface(name=93ef453 StatusBar)/@0x179481f - animation-leash of insets_animation#211323
05-30 22:40:55.893  1488  1488 D OplusLayer: ~Layer() sequence=211324, name=Surface(name=ab9d8d1 NavigationBar0)/@0x59b5135 - animation-leash of insets_animation#211324
05-30 22:40:55.903  8818  8818 D VRI[MapActivity]: registerCallbacksForSync syncBuffer=false
05-30 22:40:55.912  8818  8856 D VRI[MapActivity]: Received frameCommittedCallback lastAttemptedDrawFrameNum=1 didProduceBuffer=true syncBuffer=false
05-30 22:40:55.913  8818  8856 W Parcel  : Expecting binder but got null!
05-30 22:40:55.913  8818  8818 D VRI[MapActivity]: draw finished.
05-30 22:40:55.918  8818  8818 I SkiTracker GPS Location: Fine Location Allowed
05-30 22:40:55.926  1488  1488 D OplusLayer: (211327,it.omarkiarafederico.skitracker/it.omarkiarafederico.skitracker.view.skimap.MapActivity#211327,it.omarkiarafederico.skitracker) setBuffer
05-30 22:40:55.928  8818  8909 I OpenGLRenderer: Davey! duration=934ms; Flags=1, FrameTimelineVsyncId=580976466, IntendedVsync=654959145554354, Vsync=654960026147234, InputEventId=0, HandleInputStart=654960033626193, AnimationStart=654960033628016, PerformTraversalsStart=654960035544943, DrawStart=654960069988797, FrameDeadline=654959162221020, FrameInterval=654960033294266, FrameStartTime=16614960, SyncQueued=654960076808120, SyncStart=654960076901193, IssueDrawCommandsStart=654960077259214, SwapBuffers=654960078894787, FrameCompleted=654960080245099, DequeueBufferDuration=15105, QueueBufferDuration=173698, GpuCompleted=654960080245099, SwapBuffersCompleted=654960079316870, DisplayPresentTime=0, CommandSubmissionCompleted=654960078894787,
05-30 22:40:55.928  8818  8909 I OpenGLRenderer: Davey! duration=941ms; Flags=1, FrameTimelineVsyncId=580976466, IntendedVsync=654959145554354, Vsync=654960026147234, InputEventId=0, HandleInputStart=654960033626193, AnimationStart=654960033628016, PerformTraversalsStart=654960035544943, DrawStart=654960081549370, FrameDeadline=654959178835980, FrameInterval=654960033294266, FrameStartTime=16614960, SyncQueued=654960084352704, SyncStart=654960084434214, IssueDrawCommandsStart=654960084559631, SwapBuffers=654960085704214, FrameCompleted=654960087104683, DequeueBufferDuration=38334, QueueBufferDuration=207291, GpuCompleted=654960087104683, SwapBuffersCompleted=654960086201506, DisplayPresentTime=0, CommandSubmissionCompleted=654960085704214,
05-30 22:40:55.929  2006  2425 I ActivityTaskManager: Displayed it.omarkiarafederico.skitracker/.view.skimap.MapActivity: +979ms
05-30 22:40:55.929   706   706 I hwservicemanager: getTransport: Cannot find entry vendor.qti.hardware.iop@2.0::IIop/default in either framework or device VINTF manifest.
05-30 22:40:55.931   706   706 I hwservicemanager: getTransport: Cannot find entry vendor.qti.hardware.iop@2.0::IIop/default in either framework or device VINTF manifest.
05-30 22:40:55.934 21060 15075 I FontLog : (REDACTED) Received query %s, URI %s
05-30 22:40:55.934 21060 15075 I FontLog : (REDACTED) Query [%s] resolved to %s
05-30 22:40:55.935 27074 27272 I BtGatt.ScanManager: msg.what = 6
05-30 22:40:55.935 21060 15075 I FontLog : (REDACTED) Fetch %s end status %s
05-30 22:40:55.936 27074 27074 I OplusCustomScanStrategy: msg.what = 6
05-30 22:40:55.938  4174  4212 D NetworkEvent: OplusNetworkEventCbProxy invoke.....onDnsEvent argslen:8
05-30 22:40:55.939 21060 15075 I FontLog : (REDACTED) Pulling font file for id = %d, cache size = %d
05-30 22:40:55.941  8818  8968 D TrafficStats: tagSocket(184) with statsTag=0xffffffff, statsUid=-1
05-30 22:40:55.941  8818  8856 D BufferQueueProducer: [VRI[MapActivity]#0(BLAST Consumer)0](id:227200000000,api:1,p:8818,c:8818) disconnect: api 1
05-30 22:40:55.944  4174  4212 D NetworkEvent: OplusNetworkEventCbProxy invoke.....onDnsEvent argslen:8
05-30 22:40:55.944  8818  8969 D TrafficStats: tagSocket(134) with statsTag=0xffffffff, statsUid=-1
05-30 22:40:55.946  2006  4495 I FocusResolver: updateFocusedWindow, 316bb72 it.omarkiarafederico.skitracker/it.omarkiarafederico.skitracker.view.skimap.MapActivity on display 0, reason: Window became focusable. Previous reason: NOT_VISIBLE, result:   FocusedWindows:
05-30 22:40:55.946  2006  4495 I FocusResolver:     displayId=0, name='316bb72 it.omarkiarafederico.skitracker/it.omarkiarafederico.skitracker.view.skimap.MapActivity'
05-30 22:40:55.947  1488  1488 I DispPerfService: updateLayerMask 0
05-30 22:40:55.947  8818  8818 D BufferQueueConsumer: [VRI[MapActivity]#0(BLAST Consumer)0](id:227200000000,api:0,p:-1,c:8818) disconnect
05-30 22:40:55.949  8818  8818 D VRI[MapActivity]: onFocusEvent true
05-30 22:40:55.949 21060 15075 I FontLog : (REDACTED) Pulling font file for id = %d, cache size = %d
05-30 22:40:55.953  8818  8818 D VRI[MapActivity]: registerCallbacksForSync syncBuffer=false
05-30 22:40:55.958  8818  8856 D VRI[MapActivity]: Received frameCommittedCallback lastAttemptedDrawFrameNum=3 didProduceBuffer=true syncBuffer=false
05-30 22:40:55.958  8818  8818 D VRI[MapActivity]: draw finished.
05-30 22:40:55.964 24377 24377 I GoogleInputMethodService: GoogleInputMethodService.onFinishInput():3307
05-30 22:40:55.966 24377 24377 I GoogleInputMethodService: GoogleInputMethodService.updateDeviceLockedStatus():2137 repeatCheckTimes = 0, locked = false
05-30 22:40:55.967 24377 24377 I GoogleInputMethodService: GoogleInputMethodService.onStartInput():1917 onStartInput(EditorInfo{inputType=0x0(NULL) imeOptions=0x0 privateImeOptions=null actionName=UNSPECIFIED actionLabel=null actionId=0 initialSelStart=-1 initialSelEnd=-1 initialCapsMode=0x0 hintText=null label=null packageName=it.omarkiarafederico.skitracker fieldId=2131230793 fieldName=null extras=Bundle[{com.oplus.im.SCENES=0}] hintLocales=[]}, false)
05-30 22:40:55.967 24377 24377 I GoogleInputMethodService: GoogleInputMethodService.shouldHideHeaderOnInitialState():1998 ShouldHideHeaderOnInitialState = false
05-30 22:40:55.968 24377 24377 I GoogleInputMethodService: GoogleInputMethodService.updateDeviceLockedStatus():2137 repeatCheckTimes = 1, locked = false
05-30 22:40:55.968  1366  5689 E ANDR-PERF-LM: VmRssMeter:: start() 447: Could not find pid, can not collect vmrss data
05-30 22:40:55.971  1366  5690 E ANDR-PERF-LM: VmRssMeter:: start() 447: Could not find pid, can not collect vmrss data
05-30 22:40:55.971  1366  5690 E ANDR-PERF-LM: AdaptiveLaunch: writeToDataBase() 64: Meter aborted or could not get meter data for this run
05-30 22:40:55.976  1488  1488 D Layer   : reparent to null sequence=211313, seq[3], name=Surface(name=af1e532 InputMethod)/@0x1c5ec39 - animation-leash of insets_animation#211313
05-30 22:40:55.985  8818  8818 D VRI[MapActivity]: setWindowStopped stopped:true
05-30 22:40:55.986  8818  8818 D LifecycleMonitor: Lifecycle status change: it.omarkiarafederico.skitracker.view.skimap.MapActivity@987caf6 in: STOPPED
05-30 22:40:55.986  8818  8818 V ActivityScenario: Activity lifecycle changed event received but ignored because the intent does not match. startActivityIntent=Intent { act=android.intent.action.MAIN cat=[android.intent.category.LAUNCHER] flg=0x10008000 cmp=it.omarkiarafederico.skitracker/.view.skimap.MapActivity }, activity.getIntent()=Intent { act=android.intent.action.MAIN flg=0x14000000 cmp=it.omarkiarafederico.skitracker/.view.skimap.MapActivity mCallingUid=10334 }, activity=it.omarkiarafederico.skitracker.view.skimap.MapActivity@987caf6
05-30 22:40:55.992  2006  6376 D LocationManagerService: registration onInactive from uid: 10334 package: it.omarkiarafederico.skitracker
05-30 22:40:55.992  2006  6376 D LocationManagerService: gps provider removed registration from 10334/it.omarkiarafederico.skitracker/A8E99ECF
05-30 22:40:55.992  2006  6376 D LocationManagerService: registration onInactive from uid: 10334 package: it.omarkiarafederico.skitracker
05-30 22:40:55.992  2006  6376 D LocationManagerService: network provider removed registration from 10334/it.omarkiarafederico.skitracker/A8E99ECF
05-30 22:40:55.993  1488  1488 D OplusLayer: ~Layer() sequence=211313, name=Surface(name=af1e532 InputMethod)/@0x1c5ec39 - animation-leash of insets_animation#211313
05-30 22:40:55.994  8818  8818 D LifecycleMonitor: Lifecycle status change: it.omarkiarafederico.skitracker.view.skimap.MapActivity@987caf6 in: DESTROYED
05-30 22:40:55.995  8818  8818 V ActivityScenario: Activity lifecycle changed event received but ignored because the intent does not match. startActivityIntent=Intent { act=android.intent.action.MAIN cat=[android.intent.category.LAUNCHER] flg=0x10008000 cmp=it.omarkiarafederico.skitracker/.view.skimap.MapActivity }, activity.getIntent()=Intent { act=android.intent.action.MAIN flg=0x14000000 cmp=it.omarkiarafederico.skitracker/.view.skimap.MapActivity mCallingUid=10334 }, activity=it.omarkiarafederico.skitracker.view.skimap.MapActivity@987caf6
05-30 22:40:55.995  8818  8818 D OplusScrollToTopManager: unregisterGuidePopupDismissReceiverInSystemUI
05-30 22:40:55.995  8818  8818 D OplusScrollToTopManager: Receiver not registered: android.view.OplusScrollToTopManager$1@50be8a3
05-30 22:40:55.995  8818  8818 D OplusScrollToTopManager: unregisterSystemUIBroadcastReceiver
05-30 22:40:55.995  8818  8818 D OplusScrollToTopManager: java.lang.IllegalArgumentException: Receiver not registered: android.view.OplusScrollToTopManager$2@805e7a0
05-30 22:40:55.997  2006  6376 W InputManager-JNI: Input channel object '5089cfd it.omarkiarafederico.skitracker/it.omarkiarafederico.skitracker.view.skimap.MapActivity (client)' was disposed without first being removed with the input manager!
05-30 22:40:56.010  1488  1488 D Layer   : reparent to null sequence=211309, seq[7], name=it.omarkiarafederico.skitracker/it.omarkiarafederico.skitracker.view.skimap.MapActivity#211309
05-30 22:40:56.010  1488  1488 D Layer   : reparent to null sequence=211308, seq[3], name=5089cfd it.omarkiarafederico.skitracker/it.omarkiarafederico.skitracker.view.skimap.MapActivity#211308
05-30 22:40:56.011  1488  1488 D OplusLayer: ~Layer() sequence=211308, name=5089cfd it.omarkiarafederico.skitracker/it.omarkiarafederico.skitracker.view.skimap.MapActivity#211308
05-30 22:40:56.011  1488  1488 D OplusLayer: ~Layer() sequence=211309, name=it.omarkiarafederico.skitracker/it.omarkiarafederico.skitracker.view.skimap.MapActivity#211309
05-30 22:40:56.026  1488  1488 D Layer   : reparent to null sequence=211300, seq[4], name=ActivityRecord{2cd72a u0 it.omarkiarafederico.skitracker/.view.skimap.MapActivity}#211300
05-30 22:40:56.027  1488  1488 D OplusLayer: ~Layer() sequence=211300, name=ActivityRecord{2cd72a u0 it.omarkiarafederico.skitracker/.view.skimap.MapActivity}#211300
05-30 22:40:56.027  1488  1488 D OplusLayer: ~Layer() sequence=211307, name=122991b ActivityRecordInputSink it.omarkiarafederico.skitracker/.view.skimap.MapActivity#211307
05-30 22:40:56.050  8818  8845 W OnBackInvokedCallback: OnBackInvokedCallback is not enabled for the application.
05-30 22:40:56.050  8818  8845 W OnBackInvokedCallback: Set 'android:enableOnBackInvokedCallback="true"' in the application manifest.
05-30 22:40:56.051  4777 24556 D OplusAtlasService: getAttributeByAppName module:oplus-getStreamMaxVolume packageName:com.google.android.youtube
05-30 22:40:56.053 21654 21654 D AudioManagerExtImpl: getStreamVolume normal, volume index=16
05-30 22:40:56.069  8818  8818 I oplus.android.OplusFrameworkFactoryImpl: get feature:IOplusDynamicVsyncFeature
05-30 22:40:56.069  8818  8818 I oplus.android.OplusFrameworkFactoryImpl: get feature:IOplusDynamicVsyncFeature
05-30 22:40:56.069  8818  8818 I oplus.android.OplusFrameworkFactoryImpl: get feature:IOplusDynamicVsyncFeature
05-30 22:40:56.078  4777 24556 D OplusAtlasService: getAttributeByAppName module:oplus-getStreamMaxVolume packageName:com.google.android.youtube
05-30 22:40:56.079  2006  6376 I InputDispatcher: setFocusedApplication displayId=0 ActivityRecord{ba833c3 u0 com.android.launcher/.Launcher} t6}
05-30 22:40:56.080 21654 21654 D AudioManagerExtImpl: getStreamVolume normal, volume index=16
05-30 22:40:56.081  2006  6376 D Theia.NoFocusWindow: FocusWindowErrorScene CheckFreezeScreen
05-30 22:40:56.082  1406  1406 D ORMS_HAL: OrmsHalService write file /sys/class/devfreq/soc:qcom,cpu-cpu-llcc-bw/bw_hwmon/hist_memory - 0.
05-30 22:40:56.082  2006  6376 D ActivityTrigger: ActivityTrigger activityPauseTrigger
05-30 22:40:56.082  1406  1406 D ORMS_HAL: OrmsHalService write file /sys/class/devfreq/soc:qcom,cpu-cpu-llcc-bw/bw_hwmon/hyst_length - 0.
05-30 22:40:56.082  1406  1406 D ORMS_HAL: OrmsHalService write file /sys/class/devfreq/soc:qcom,cpu-cpu-llcc-bw/bw_hwmon/hyst_trigger_count - 0.
05-30 22:40:56.082  1406  1406 D ORMS_HAL: OrmsHalService write file /sys/class/devfreq/soc:qcom,cpu-llcc-ddr-bw/bw_hwmon/hist_memory - 0.
05-30 22:40:56.082  1406  1406 D ORMS_HAL: OrmsHalService write file /sys/class/devfreq/soc:qcom,cpu-llcc-ddr-bw/bw_hwmon/hyst_length - 0.
05-30 22:40:56.082  1406  1406 D ORMS_HAL: OrmsHalService write file /sys/class/devfreq/soc:qcom,cpu-llcc-ddr-bw/bw_hwmon/hyst_trigger_count - 0.
05-30 22:40:56.082  1406  1406 D ORMS_HAL: OrmsHalService write file /dev/stune/foreground/schedtune.prefer_idle - 0.
05-30 22:40:56.082  1406  1406 D ORMS_HAL: OrmsHalService write file /sys/devices/system/cpu/cpu_boost/input_boost_freq - 0:3000000 4:3000000 7:3000000.
05-30 22:40:56.085  8818  8818 W rico.skitracker: Accessing hidden field Landroid/app/Activity;->mResultCode:I (unsupported, reflection, allowed)
05-30 22:40:56.085  8818  8818 W rico.skitracker: Accessing hidden field Landroid/app/Activity;->mResultData:Landroid/content/Intent; (unsupported, reflection, allowed)
05-30 22:40:56.092  1488  1488 D Layer   : reparent to null sequence=211328, seq[1], name=Surface(name=93ef453 StatusBar)/@0x179481f - animation-leash of insets_animation#211328
05-30 22:40:56.092  1488  1488 D Layer   : reparent to null sequence=211329, seq[2], name=Surface(name=ab9d8d1 NavigationBar0)/@0x59b5135 - animation-leash of insets_animation#211329
05-30 22:40:56.104  8818  8818 D LifecycleMonitor: Lifecycle status change: it.omarkiarafederico.skitracker.view.skimap.MapActivity@165bf5f in: PAUSED
05-30 22:40:56.105  8818  8818 V ActivityScenario: Update currentActivityStage to PAUSED, currentActivity=it.omarkiarafederico.skitracker.view.skimap.MapActivity@165bf5f
05-30 22:40:56.106  2006  6376 V SensorManager: call sensorServiceCommonInterface name: setScreenShotDisable
05-30 22:40:56.106  2006  6376 D SensorService: SensorService sensorServiceCommonInterface = setScreenShotDisable
05-30 22:40:56.106  2006  6376 D SensorServiceExtImpl: sensorServiceCommonInterface funcName = setScreenShotDisable, flag = 0, status = 0
05-30 22:40:56.106  2006  6376 D OplusUIFirst_FB: com.android.launcher activity event: []
05-30 22:40:56.106  2006  6376 D OplusUIFirst_FB: List of ThreadOp: size=0 []
05-30 22:40:56.106  2006  6376 D OplusUIFirst_FB: handleParaSwitch com.android.launcher null null 1
05-30 22:40:56.106  2006  6376 I OplusHansManager : front pkg: com.android.launcher, uid: 10109, prev pkg: it.omarkiarafederico.skitracker, prev uid: 10334
05-30 22:40:56.106  2006  6376 D OplusUIFirst_FB: com.android.launcher activity event: []
05-30 22:40:56.106  2006  6376 D OplusUIFirst_FB: List of ThreadOp: size=0 []
05-30 22:40:56.106  2006  6376 D OplusUIFirst_FB: handleParaSwitch com.android.launcher null null 1
05-30 22:40:56.106  8166  9127 D VRI[Launcher]: dispatchAppVisibility visible:true
05-30 22:40:56.107  2006  4160 I OplusHansManager : notifyAppGoForeground, uid=10109
05-30 22:40:56.107  2006  4160 I OplusHansManager : notifyAppGoBackground, uid=10334
05-30 22:40:56.107  2006  3966 I OplusHansManager : uid=10334, pkg=it.omarkiarafederico.skitracker enter SM
05-30 22:40:56.107  2006  3966 I OplusHansManager : uid=10334, pkg=it.omarkiarafederico.skitracker R enter(), D stay=2
05-30 22:40:56.107  3831 18443 D VRI[Launcher]: dispatchAppVisibility visible:true
05-30 22:40:56.107  2006  3060 I Osense-DecisionMaker: notifySceneToAthenaPolicy: SCENE_LAUNCHER, bundle: Bundle[{prevPkgName=it.omarkiarafederico.skitracker, curUid=10109, curPkgName=com.android.launcher, prevUid=10334}]
05-30 22:40:56.107  2006  3060 D Osense-DecisionMaker: getCurrentSysStats, availmemMb: 5543
05-30 22:40:56.107  2006  3060 D Osense-DecisionMaker: getCurrentSysStats, availmemMb: 5540
05-30 22:40:56.107  2006  3060 D Osense-DecisionMaker: getCurrentSysStats, availmemMb: 5540
05-30 22:40:56.107  2006  3060 D Osense-DecisionMaker: getCurrentSysStats, availmemMb: 5540
05-30 22:40:56.108  2006  4024 I OplusResourcePreloadManager: resume pkg: com.android.launcher, uid:10109, prev pkg: it.omarkiarafederico.skitracker, prev uid: 10334
05-30 22:40:56.108  2006  4159 V DCSEX-AppSwitchManager: OnAppSwitchObserver: onAppExit, resuming = com.android.launcher, target = it.omarkiarafederico.skitracker, is ResumingFirstStart =  false, is ResumingMultiApp =  false, extensionInfo =  Bundle[{taskId=6, uid=10109}]
05-30 22:40:56.108  2006  9169 D DCSEX-AppLaunchEventRecorder: onAppSwitch from = it.omarkiarafederico.skitracker to = com.android.launcher
05-30 22:40:56.108  2006  9169 D DCSEX-AppLaunchEventRecorder: recordExitApp = it.omarkiarafederico.skitracker
05-30 22:40:56.108  2006  9169 E OplusTrack-ApkInfoUtil: java.lang.NullPointerException: Attempt to invoke virtual method 'java.lang.Object android.os.Bundle.get(java.lang.String)' on a null object reference
05-30 22:40:56.108  2006  9169 W System.err: java.lang.NullPointerException: Attempt to invoke virtual method 'java.lang.Object android.os.Bundle.get(java.lang.String)' on a null object reference
05-30 22:40:56.108  2006  9169 W System.err: 	at t6.a.a(ApkInfoUtil.java:6)
05-30 22:40:56.108  2006  9169 W System.err: 	at m6.b.<init>(TrackEvent.java:10)
05-30 22:40:56.108  2006  9169 W System.err: 	at m6.a.<init>(CommonBean.java:1)
05-30 22:40:56.108  2006  9169 W System.err: 	at k6.f.b(OplusTrack.java:1)
05-30 22:40:56.109  2006  9169 W System.err: 	at q6.b$c.d(AppLaunchEventRecorder.java:9)
05-30 22:40:56.109  2006  9169 W System.err: 	at q6.b$c.a(AppLaunchEventRecorder.java:7)
05-30 22:40:56.109  2006  9169 W System.err: 	at q6.a.b(Unknown Source:2)
05-30 22:40:56.109  2006  9169 W System.err: 	at n6.c.accept(Unknown Source:1)
05-30 22:40:56.109  2006  9169 W System.err: 	at java.util.concurrent.CopyOnWriteArrayList.forEach(CopyOnWriteArrayList.java:811)
05-30 22:40:56.109  2006  9169 W System.err: 	at n6.b.run(Unknown Source:1)
05-30 22:40:56.109  2006  9169 W System.err: 	at java.util.concurrent.ThreadPoolExecutor.runWorker(ThreadPoolExecutor.java:1137)
05-30 22:40:56.109  2006  9169 W System.err: 	at java.util.concurrent.ThreadPoolExecutor$Worker.run(ThreadPoolExecutor.java:637)
05-30 22:40:56.109  2006  9169 W System.err: 	at java.lang.Thread.run(Thread.java:1012)
05-30 22:40:56.109  2006  9169 W OplusTrack-TrackEvent: appId is empty
05-30 22:40:56.110  1488  1488 D OplusLayer: ~Layer() sequence=211329, name=Surface(name=ab9d8d1 NavigationBar0)/@0x59b5135 - animation-leash of insets_animation#211329
05-30 22:40:56.110  1488  1488 D OplusLayer: ~Layer() sequence=211328, name=Surface(name=93ef453 StatusBar)/@0x179481f - animation-leash of insets_animation#211328
05-30 22:40:56.110  3831  3831 D VRI[Launcher]: setWindowStopped stopped:false
05-30 22:40:56.112  2006  6436 I FocusResolver: updateFocusedWindow,  on display 0, reason: Waiting for window because NOT_FOCUSABLE, result:   FocusedWindows: <none>
05-30 22:40:56.112  2006  2737 E Athena  : MemoryGuardAction: handleAppChange
05-30 22:40:56.118  6503  7741 W Battery : ThermalControlUtils: mForegroundPkg=com.android.launcher
05-30 22:40:56.118  2006  4159 D OplusLatencyOptimizerManager: enter pkg: com.android.launcher isPrevBlackAppTop: false mIsBlackAppTop: false
05-30 22:40:56.118  2006  4159 V DCSEX-AppSwitchManager: OnAppSwitchObserver: onAppEnter, launchedFrom =  null, target =  com.android.launcher, is firstStart =  false, is multiApp =  false, extensionInfo =  Bundle[{taskId=6, pid=3831, uid=10109, versionCode=13000012}]
05-30 22:40:56.120  8818  8818 D VRI[MapActivity]: onFocusEvent false
05-30 22:40:56.121  6503  7741 W Battery : ThermalControllHandler: tempLevel=3,userMode=2,gameUserMode=-1,appType=-1,envTempType=0,appStates=[]
05-30 22:40:56.121  6503  7741 W Battery : ThermalControllerCenter: mSafetyState=10000
05-30 22:40:56.121  4119  4152 I Athena  : AthenaDynamicReceiver: pre_app:it.omarkiarafederico.skitracker, next_app:com.android.launcher(10109|3831)
05-30 22:40:56.122  2006  2451 D OplusUIFirst_FB: it.omarkiarafederico.skitracker moveToBack 8818
05-30 22:40:56.122  2006  2451 D OplusUIFirst_FB: com.android.launcher moveToTop:[]
05-30 22:40:56.122  2006  2451 D OplusUIFirst_FB: List of ThreadOp: size=0 []
05-30 22:40:56.122  2006  2451 D OplusUIFirst_FB: com.android.launcher boost hint: 3831
05-30 22:40:56.122  2006  2451 D OplusUIFirst_FB: handleParaSwitch com.android.launcher null null 0
05-30 22:40:56.123  2006  2451 D OplusUIFirst_FB: com.android.launcher toForeOps: []
05-30 22:40:56.123  2006  2451 D OplusUIFirst_FB: List of ThreadOp: size=0 []
05-30 22:40:56.124  6503  7741 W Battery : ThermalControllHandler: tempGear=3,configItemName=common_config
05-30 22:40:56.124  6503  7739 W Battery : ThermalControllHandler: MSG_THERMAL_CONTROL_CATEGORY_CHANGED
05-30 22:40:56.125  4777 24356 D OplusAtlas.OplusAtlasEventDispatch: setEvent:atlas_event_on_foreground_activities_changed info:pid:3831,uid:10109,hasForegroundActivities:1
05-30 22:40:56.125  4777  6655 D OplusAtlas.OplusAudioScene: callback success event:atlas_event_on_foreground_activities_changed eventInfo:pid:3831,uid:10109,hasForegroundActivities:1
05-30 22:40:56.125  6939  6979 V DeepThinker: ProcessManager: onForegroundActivitiesChanged pid:3831, uid:10109, foregroundActivities:true
05-30 22:40:56.125  4777  6984 D OplusAtlas.OplusMessageHandler: handleMessage: Msg { when=0 what=2 obj=com.oplus.atlas.OplusAtlasEvent@779d031 target=com.oplus.atlas.OplusMessageHandler$MyHandler }
05-30 22:40:56.126  2006  2451 D OplusUIFirst_FB: com.coloros.assistantscreen toForeOps: []
05-30 22:40:56.126  2006  2451 D OplusUIFirst_FB: List of ThreadOp: size=0 []
05-30 22:40:56.129  2006  2451 D OplusUIFirst_FB: com.google.android.googlequicksearchbox toForeOps: []
05-30 22:40:56.129  2006  2451 D OplusUIFirst_FB: List of ThreadOp: size=0 []
05-30 22:40:56.130  2006  2451 D OplusUIFirst_FB: com.google.android.googlequicksearchbox toForeOps: []
05-30 22:40:56.130  2006  2451 D OplusUIFirst_FB: List of ThreadOp: size=0 []
05-30 22:40:56.135  2006  4189 D Theia.NoFocusWindow: FocusWindowErrorScene cancelCheckFreezeScreen
05-30 22:40:56.138  3831  3831 D BufferQueueConsumer: [](id:ef700001b17,api:0,p:-1,c:3831) connect: controlledByApp=false
05-30 22:40:56.138  3831  3831 E IPCThreadState: attemptIncStrongHandle(313): Not supported
05-30 22:40:56.139  3831  4038 D BufferQueueProducer: [VRI[Launcher]#2737(BLAST Consumer)2737](id:ef700001b17,api:1,p:3831,c:3831) connect: api=1 producerControlledByApp=true
05-30 22:40:56.139  3831  3831 D VRI[Launcher]: registerCallbacksForSync syncBuffer=false
05-30 22:40:56.141  8166  8166 D BufferQueueConsumer: [](id:1fe6000000e0,api:0,p:-1,c:8166) connect: controlledByApp=false
05-30 22:40:56.142  8166  8166 E IPCThreadState: attemptIncStrongHandle(170): Not supported
05-30 22:40:56.142  8166  8421 D BufferQueueProducer: [VRI[Launcher]#224(BLAST Consumer)224](id:1fe6000000e0,api:1,p:8166,c:8166) connect: api=1 producerControlledByApp=true
05-30 22:40:56.142  8166  8166 D VRI[Launcher]: registerCallbacksForSync syncBuffer=false
05-30 22:40:56.143  1488  1488 D Layer   : reparent to null sequence=211332, seq[1], name=Surface(name=93ef453 StatusBar)/@0x179481f - animation-leash of insets_animation#211332
05-30 22:40:56.143  1488  1488 D Layer   : reparent to null sequence=211333, seq[2], name=Surface(name=ab9d8d1 NavigationBar0)/@0x59b5135 - animation-leash of insets_animation#211333
05-30 22:40:56.146  8166  8421 D VRI[Launcher]: Received frameCommittedCallback lastAttemptedDrawFrameNum=1 didProduceBuffer=true syncBuffer=false
05-30 22:40:56.146  8166  8166 D VRI[Launcher]: draw finished.
05-30 22:40:56.149  3831  4038 D VRI[Launcher]: Received frameCommittedCallback lastAttemptedDrawFrameNum=1 didProduceBuffer=true syncBuffer=false
05-30 22:40:56.149  3831  3831 D VRI[Launcher]: draw finished.
05-30 22:40:56.151  3450  3450 D OplusWallpaperServiceHelper: isNightMode is true
05-30 22:40:56.151  3450  3450 I OplusWallpaperServiceHelper: getDarkModeWallpaperWindowAlpha. nightMode = true
05-30 22:40:56.156 32049 32073 I [0]DCS-StrategyManager: isNeedUpload: true, type: 1, appID: 0, logTag: , eventID:
05-30 22:40:56.156   706   706 I hwservicemanager: getTransport: Cannot find entry vendor.qti.hardware.iop@2.0::IIop/default in either framework or device VINTF manifest.
05-30 22:40:56.157  4210  1817 W lus.appplatform: Large reply transaction of 309252 bytes, interface descriptor com.oplus.epona.IRemoteTransfer, code 1
05-30 22:40:56.159  1488  1488 D OplusLayer: (211337,com.android.launcher/com.android.launcher.Launcher#211337,com.google.android.googlequicksearchbox:search) setBuffer
05-30 22:40:56.160  1488  1488 D OplusLayer: (211334,com.android.launcher/com.android.launcher.Launcher#211334,com.android.launcher) setBuffer
05-30 22:40:56.160  2006 24439 E ANDR-PERF-JNI: UXEngine Trigger - Returning null
05-30 22:40:56.161  1488  1488 D OplusLayer: ~Layer() sequence=211333, name=Surface(name=ab9d8d1 NavigationBar0)/@0x59b5135 - animation-leash of insets_animation#211333
05-30 22:40:56.161  1488  1488 D OplusLayer: ~Layer() sequence=211332, name=Surface(name=93ef453 StatusBar)/@0x179481f - animation-leash of insets_animation#211332
05-30 22:40:56.164  1488  1488 I DispPerfService: updateLayerMask 8
05-30 22:40:56.174  1488  1488 D OplusLayer: ~Layer() sequence=211341, name=Screenshot Parent#211341
05-30 22:40:56.175  8818  8845 I TestRunner: finished: testFragmentChange(it.omarkiarafederico.skitracker.MyTest)
