05-30 22:40:53.481  8818  8845 I TestRunner: started: testFragmentChange(it.omarkiarafederico.skitracker.MyTest)
05-30 22:40:53.485  8818  8845 W ActivityTestRule: getActivityIntent() returned null using default: Intent(Intent.ACTION_MAIN)
05-30 22:40:53.506  1366  1537 E ANDR-PERF-LM: MetaMeter: handleAsync() 166: AdaptLaunch Invalid Async
05-30 22:40:53.506  1366  1537 E ANDR-PERF-LM: MetaMeter: handleAsync() 166: AdaptLaunch Invalid Async
05-30 22:40:53.506  1366  1537 E ANDR-PERF-LM: MetaMeter: handleAsync() 166: AdaptLaunch Invalid Async
05-30 22:40:53.507   706   706 I hwservicemanager: getTransport: Cannot find entry vendor.qti.hardware.iop@2.0::IIop/default in either framework or device VINTF manifest.
05-30 22:40:53.512  2006  6376 D ActivityTrigger: ActivityTrigger activityPauseTrigger
05-30 22:40:53.515  2006  6376 D OplusAlwaysAliveManager: new task launch with process exists: ActivityRecord{2cd72a u0 it.omarkiarafederico.skitracker/.view.skimap.MapActivity} t18672}, processName: it.omarkiarafederico.skitracker
05-30 22:40:53.515  2006  6376 D OplusUIFirst_FB: it.omarkiarafederico.skitracker activity event: []
05-30 22:40:53.515  2006  6376 D OplusUIFirst_FB: List of ThreadOp: size=0 []
05-30 22:40:53.516  1488  2502 I SurfaceFlinger: [SF client] NEW(0xb400007ef76ac0c0) for (3450:com.android.systemui)
05-30 22:40:53.517  3450  3573 W OplusSlideAnimOptHelper: initScrollOpt: not running in mainthread
05-30 22:40:53.517  3450  3573 D WindowManager: Add to mViews: android.widget.FrameLayout{1e8092d V.E...... ......I. 0,0-0,0},pkg= it.omarkiarafederico.skitracker
05-30 22:40:53.522  1320 27285 I vendor.qti.bluetooth@1.0-ibs_handler: ProcessIbsCmd: Received IBS_SLEEP_IND: 0xFE
05-30 22:40:53.523  1320 27285 D vendor.qti.bluetooth@1.0-ibs_handler: SerialClockVote: vote for UART CLK OFF
05-30 22:40:53.524  3450  3573 D InputEventReceiver: Input log is disabled
05-30 22:40:53.530  3831  3831 W View    : requestLayout() improperly called by android.widget.LinearLayout{37a5766 VFE...C.. ......ID 0,3-936,105 #7f0a00a2 app:id/animated_hint_layout} during layout: running second layout pass
05-30 22:40:53.532  1366  1537 W ANDR-PERF-LM: MetaMeter: handlePrimaryAsync() 118: AdaptLaunch MetaMeter. No MeterMgr Available to handle this Primary Async. !!!!
05-30 22:40:53.532  1366  1537 W ANDR-PERF-LM: MetaMeter: handlePrimaryAsync() 118: AdaptLaunch MetaMeter. No MeterMgr Available to handle this Primary Async. !!!!
05-30 22:40:53.532  2006  7214 V SensorManager: call sensorServiceCommonInterface name: setScreenShotDisable
05-30 22:40:53.532  2006  7214 D SensorService: SensorService sensorServiceCommonInterface = setScreenShotDisable
05-30 22:40:53.532  2006  7214 D SensorServiceExtImpl: sensorServiceCommonInterface funcName = setScreenShotDisable, flag = 0, status = 0
05-30 22:40:53.532  2006  7214 D OplusUIFirst_FB: it.omarkiarafederico.skitracker activity event: []
05-30 22:40:53.532  2006  7214 D OplusUIFirst_FB: List of ThreadOp: size=0 []
05-30 22:40:53.532  2006  7214 D OplusUIFirst_FB: handleParaSwitch it.omarkiarafederico.skitracker null null 1
05-30 22:40:53.532  2006  7214 I OplusHansManager : front pkg: it.omarkiarafederico.skitracker, uid: 10334, prev pkg: com.android.launcher, prev uid: 10109
05-30 22:40:53.532  2006  4160 I OplusHansManager : notifyAppGoForeground, uid=10334
05-30 22:40:53.532  2006  7214 D OplusUIFirst_FB: it.omarkiarafederico.skitracker activity event: []
05-30 22:40:53.532  2006  7214 D OplusUIFirst_FB: List of ThreadOp: size=0 []
05-30 22:40:53.532  2006  7214 D OplusUIFirst_FB: handleParaSwitch it.omarkiarafederico.skitracker null null 1
05-30 22:40:53.532  2006  4160 I OplusHansManager : notifyAppGoBackground, uid=10109
05-30 22:40:53.532  2006  3966 I OplusHansManager : uid=10334, pkg=it.omarkiarafederico.skitracker R exit SM
05-30 22:40:53.532  2006  3966 I OplusHansManager : uid=10334, pkg=it.omarkiarafederico.skitracker R exit(), R stay=0
05-30 22:40:53.533  2006  3060 I Osense-DecisionMaker: notifySceneToAthenaPolicy: SCENE_APP_SWITCH, bundle: Bundle[{prevPkgName=com.android.launcher, curUid=10334, curPkgName=it.omarkiarafederico.skitracker, prevUid=10109}]
05-30 22:40:53.533  2006  4024 I OplusResourcePreloadManager: resume pkg: it.omarkiarafederico.skitracker, uid:10334, prev pkg: com.android.launcher, prev uid: 10109
05-30 22:40:53.533  2006  3060 I Osense-DecisionMaker: scene: SCENE_APP_SWITCH, excutingPolicy: freezer
05-30 22:40:53.533  2006  3060 D Osense-DecisionMaker: invoke freezer policy,type: fast
05-30 22:40:53.533  1366  1537 E ANDR-PERF-LM: MetaMeter: handleAsync() 166: AdaptLaunch Invalid Async
05-30 22:40:53.537  2006  4159 V DCSEX-AppSwitchManager: OnAppSwitchObserver: onAppExit, resuming = it.omarkiarafederico.skitracker, target = com.android.launcher, is ResumingFirstStart =  false, is ResumingMultiApp =  false, extensionInfo =  Bundle[{taskId=18672, uid=10334}]
05-30 22:40:53.537  2006  9169 D DCSEX-AppLaunchEventRecorder: onAppSwitch from = com.android.launcher to = it.omarkiarafederico.skitracker
05-30 22:40:53.537  2006  7214 I InputDispatcher: setFocusedApplication displayId=0 ActivityRecord{2cd72a u0 it.omarkiarafederico.skitracker/.view.skimap.MapActivity} t18672}
05-30 22:40:53.538  2006  7214 D Theia.NoFocusWindow: FocusWindowErrorScene CheckFreezeScreen
05-30 22:40:53.539  1406  1406 D ORMS_HAL: OrmsHalService write file /sys/class/devfreq/soc:qcom,cpu-cpu-llcc-bw/bw_hwmon/hist_memory - 20.
05-30 22:40:53.539  1406  1406 D ORMS_HAL: OrmsHalService write file /sys/class/devfreq/soc:qcom,cpu-cpu-llcc-bw/bw_hwmon/hyst_length - 0.
05-30 22:40:53.539  1406  1406 D ORMS_HAL: OrmsHalService write file /sys/class/devfreq/soc:qcom,cpu-cpu-llcc-bw/bw_hwmon/hyst_trigger_count - 3.
05-30 22:40:53.539  1406  1406 D ORMS_HAL: OrmsHalService write file /sys/class/devfreq/soc:qcom,cpu-llcc-ddr-bw/bw_hwmon/hist_memory - 20.
05-30 22:40:53.539  1406  1406 D ORMS_HAL: OrmsHalService write file /sys/class/devfreq/soc:qcom,cpu-llcc-ddr-bw/bw_hwmon/hyst_length - 0.
05-30 22:40:53.539  1406  1406 D ORMS_HAL: OrmsHalService write file /sys/class/devfreq/soc:qcom,cpu-llcc-ddr-bw/bw_hwmon/hyst_trigger_count - 3.
05-30 22:40:53.539  1406  1406 D ORMS_HAL: OrmsHalService write file /dev/stune/foreground/schedtune.prefer_idle - 0.
05-30 22:40:53.540  1406  1406 D ORMS_HAL: OrmsHalService write file /sys/devices/system/cpu/cpu_boost/input_boost_freq - 0:1324800 4:0 7:0.
05-30 22:40:53.542  2006  2428 D OplusUIFirst_FB: it.omarkiarafederico.skitracker toForeOps: []
05-30 22:40:53.542  2006  2428 D OplusUIFirst_FB: List of ThreadOp: size=0 []
05-30 22:40:53.543  2006  2428 D OplusUIFirst_FB: it.omarkiarafederico.skitracker moveToTop:[]
05-30 22:40:53.543  2006  2428 D OplusUIFirst_FB: List of ThreadOp: size=0 []
05-30 22:40:53.543  2006  2428 D OplusUIFirst_FB: it.omarkiarafederico.skitracker boost hint: 8818
05-30 22:40:53.543  2006  2428 D OplusUIFirst_FB: handleParaSwitch it.omarkiarafederico.skitracker null null 0
05-30 22:40:53.544  2006  4159 D OplusLatencyOptimizerManager: enter pkg: it.omarkiarafederico.skitracker isPrevBlackAppTop: false mIsBlackAppTop: false
05-30 22:40:53.544  2006  4159 V DCSEX-AppSwitchManager: OnAppSwitchObserver: onAppEnter, launchedFrom =  it.omarkiarafederico.skitracker, target =  it.omarkiarafederico.skitracker, is firstStart =  false, is multiApp =  false, extensionInfo =  Bundle[{taskId=18672, pid=8818, uid=10334, versionCode=1}]
05-30 22:40:53.544  2006  2737 E Athena  : MemoryGuardAction: handleAppChange
05-30 22:40:53.545  4777 24556 D OplusAtlas.OplusAtlasEventDispatch: setEvent:atlas_event_on_foreground_activities_changed info:pid:8818,uid:10334,hasForegroundActivities:1
05-30 22:40:53.547  4777  6655 D OplusAtlas.OplusAudioScene: callback success event:atlas_event_on_foreground_activities_changed eventInfo:pid:8818,uid:10334,hasForegroundActivities:1
05-30 22:40:53.547  4777  6984 D OplusAtlas.OplusMessageHandler: handleMessage: Msg { when=0 what=2 obj=com.oplus.atlas.OplusAtlasEvent@94b97bb target=com.oplus.atlas.OplusMessageHandler$MyHandler }
05-30 22:40:53.547  6939  6975 V DeepThinker: ProcessManager: onForegroundActivitiesChanged pid:8818, uid:10334, foregroundActivities:true
05-30 22:40:53.548  1320 27285 I vendor.qti.bluetooth@1.0-ibs_handler: ProcessIbsCmd: Received IBS_WAKE_IND: 0xFD
05-30 22:40:53.548  1320 27285 D vendor.qti.bluetooth@1.0-ibs_handler: SerialClockVote: vote for UART CLK ON
05-30 22:40:53.548  1320 27285 I vendor.qti.bluetooth@1.0-ibs_handler: ProcessIbsCmd: Writing IBS_WAKE_ACK
05-30 22:40:53.548  3450  3573 D BufferQueueConsumer: [](id:d7a0000417e,api:0,p:-1,c:3450) connect: controlledByApp=false
05-30 22:40:53.549  3450  3573 E IPCThreadState: attemptIncStrongHandle(346): Not supported
05-30 22:40:53.549  3450  3573 E IPCThreadState: attemptIncStrongHandle(330): Not supported
05-30 22:40:53.549  3450  3573 E IPCThreadState: attemptIncStrongHandle(259): Not supported
05-30 22:40:53.549  3450  3573 E IPCThreadState: attemptIncStrongHandle(443): Not supported
05-30 22:40:53.549  3450  3573 E IPCThreadState: attemptIncStrongHandle(356): Not supported
05-30 22:40:53.549  6503  7741 W Battery : ThermalControlUtils: mForegroundPkg=it.omarkiarafederico.skitracker
05-30 22:40:53.550  3450  3695 D BufferQueueProducer: [VRI[skitracker]#16723(BLAST Consumer)16723](id:d7a0000417e,api:1,p:3450,c:3450) connect: api=1 producerControlledByApp=true
05-30 22:40:53.551  6503  7741 W Battery : ThermalControllHandler: tempLevel=3,userMode=2,gameUserMode=-1,appType=-1,envTempType=0,appStates=[]
05-30 22:40:53.551  6503  7741 W Battery : ThermalControllerCenter: mSafetyState=10000
05-30 22:40:53.554  6503  7741 W Battery : ThermalControllHandler: tempGear=3,configItemName=common_config
05-30 22:40:53.554  4119  4152 I Athena  : AthenaDynamicReceiver: pre_app:com.android.launcher, next_app:it.omarkiarafederico.skitracker(10334|8818)
05-30 22:40:53.554  6503  7739 W Battery : ThermalControllHandler: MSG_THERMAL_CONTROL_CATEGORY_CHANGED
05-30 22:40:53.556  3450  3573 D VRI[skitracker]: registerCallbacksForSync syncBuffer=false
05-30 22:40:53.558  3450  3695 D VRI[skitracker]: Received frameCommittedCallback lastAttemptedDrawFrameNum=1 didProduceBuffer=true syncBuffer=false
05-30 22:40:53.559  3450  3695 W Parcel  : Expecting binder but got null!
05-30 22:40:53.559  3450  3573 D VRI[skitracker]: draw finished.
05-30 22:40:53.559  8818  8859 E rico.skitracker: Loaded layer handle (6180121180235535495) for layer /my_product/lib64/libcolorx-loader.so
05-30 22:40:53.559  8818  8859 E rico.skitracker: Looking for entrypoint ColorX_Check
05-30 22:40:53.559  8818  8859 E rico.skitracker: Found ColorX_Check for /my_product/lib64/libcolorx-loader.so
05-30 22:40:53.559  8818  8859 E rico.skitracker: Check failed
05-30 22:40:53.562  2006  2428 D OplusUIFirst_FB: com.android.launcher moveToBack 3831
05-30 22:40:53.563  2006  2428 D OplusUIFirst_FB: com.coloros.assistantscreen moveToBack 19147
05-30 22:40:53.564  3450  3559 V ShellTaskOrganizer: Task appeared taskId=18672
05-30 22:40:53.565  2006  2428 D OplusUIFirst_FB: com.google.android.googlequicksearchbox moveToBack 8166
05-30 22:40:53.566  2006  2428 D OplusUIFirst_FB: com.google.android.googlequicksearchbox moveToBack 19524
05-30 22:40:53.567  1488  1488 D OplusLayer: (211302,Splash Screen it.omarkiarafederico.skitracker#211302,com.android.systemui) setBuffer
05-30 22:40:53.570  2006  6436 I FocusResolver: updateFocusedWindow,  on display 0, reason: NO_WINDOW, result:   FocusedWindows: <none>
05-30 22:40:53.570  3831  3831 D VRI[Launcher]: onFocusEvent false
05-30 22:40:53.575  6939  6979 I DeepThinker: IntentManager: onIntentProduced 1
05-30 22:40:53.575  6939  6979 I DeepThinker: IntentManager: dispatchIntents 1
05-30 22:40:53.575  6939 15613 I DeepThinker: EventFountainDispatcher: dispatchSpecificIntents 1
05-30 22:40:53.575  6939 15617 I DeepThinker: EventFountainDispatcher: dispatchSpecificIntents com.pantanal.action.APPS_LIST
05-30 22:40:53.578  8818  8818 D AppCompatDelegate: Checking for metadata for AppLocalesMetadataHolderService : Service not found
05-30 22:40:53.583  1488  1488 D Layer   : reparent to null sequence=211297, seq[1], name=Surface(name=93ef453 StatusBar)/@0x179481f - animation-leash of insets_animation#211297
05-30 22:40:53.583  1488  1488 D Layer   : reparent to null sequence=211298, seq[2], name=Surface(name=ab9d8d1 NavigationBar0)/@0x59b5135 - animation-leash of insets_animation#211298
05-30 22:40:53.585 21060  8554 W AdaptiveDiscoveryWorker: Exiting Adaptive Discovery. Current NetworkInfo is NULL.
05-30 22:40:53.586  8818  8818 D LifecycleMonitor: Lifecycle status change: it.omarkiarafederico.skitracker.view.skimap.MapActivity@987caf6 in: PRE_ON_CREATE
05-30 22:40:53.589  4210 23684 W lus.appplatform: Large reply transaction of 309252 bytes, interface descriptor com.oplus.epona.IRemoteTransfer, code 1
05-30 22:40:53.598  8818  8818 I oplus.android.OplusFrameworkFactoryImpl: Unknow feature:IOplusTextViewRTLUtilForUG
05-30 22:40:53.600  1488  1488 D OplusLayer: ~Layer() sequence=211297, name=Surface(name=93ef453 StatusBar)/@0x179481f - animation-leash of insets_animation#211297
05-30 22:40:53.600  1488  1488 D OplusLayer: ~Layer() sequence=211298, name=Surface(name=ab9d8d1 NavigationBar0)/@0x59b5135 - animation-leash of insets_animation#211298
05-30 22:40:53.601  1488  1488 I DispPerfService: updateLayerMask 9
05-30 22:40:53.602  8818  8818 D ScrollOptimizationHelper: can't find the config file for optimizaiton
05-30 22:40:53.602  8818  8818 D ScrollOptimizationHelper: will not debug for debug is false
05-30 22:40:53.603  8818  8818 I oplus.android.OplusFrameworkFactoryImpl: get feature:IOplusDynamicVsyncFeature
05-30 22:40:53.603  8818  8818 I oplus.android.OplusFrameworkFactoryImpl: get feature:IOplusDynamicVsyncFeature
05-30 22:40:53.603  8818  8818 I oplus.android.OplusFrameworkFactoryImpl: get feature:IOplusDynamicVsyncFeature
05-30 22:40:53.603  8818  8818 I oplus.android.OplusFrameworkFactoryImpl: get feature:IOplusDynamicVsyncFeature
05-30 22:40:53.603  8818  8818 I oplus.android.OplusFrameworkFactoryImpl: get feature:IOplusDynamicVsyncFeature
05-30 22:40:53.603  8818  8818 I oplus.android.OplusFrameworkFactoryImpl: get feature:IOplusDynamicVsyncFeature
05-30 22:40:53.627  4777 24556 D OplusAtlasService: getAttributeByAppName module:oplus-getStreamMaxVolume packageName:com.google.android.youtube
05-30 22:40:53.628 21654 21654 D AudioManagerExtImpl: getStreamVolume normal, volume index=16
05-30 22:40:53.636  8818  8818 D CompatibilityChangeReporter: Compat change id reported: 210923482; UID 10334; state: ENABLED
05-30 22:40:53.637  8302  8302 I GsaVoiceInteractionSrv: Handling ACTION_STOP_HOTWORD
05-30 22:40:53.639  8302  8342 I GsaVoiceInteractionSrv: Not stopping hotword, hotword should keep running.
05-30 22:40:53.639  8818  8818 W rico.skitracker: Accessing hidden method Landroid/view/View;->computeFitSystemWindows(Landroid/graphics/Rect;Landroid/graphics/Rect;)Z (unsupported, reflection, allowed)
05-30 22:40:53.656  4777 24556 D OplusAtlasService: getAttributeByAppName module:oplus-getStreamMaxVolume packageName:com.google.android.youtube
05-30 22:40:53.657 21654 21654 D AudioManagerExtImpl: getStreamVolume normal, volume index=16
05-30 22:40:53.665  8818  8818 I oplus.android.OplusFrameworkFactoryImpl: get feature:IOplusDynamicVsyncFeature
05-30 22:40:53.665  8818  8818 I oplus.android.OplusFrameworkFactoryImpl: get feature:IOplusDynamicVsyncFeature
05-30 22:40:53.665  8818  8818 I oplus.android.OplusFrameworkFactoryImpl: get feature:IOplusDynamicVsyncFeature
05-30 22:40:53.680  8818  8818 I oplus.android.OplusFrameworkFactoryImpl: get feature:IOplusDynamicVsyncFeature
05-30 22:40:53.680  8818  8818 I oplus.android.OplusFrameworkFactoryImpl: get feature:IOplusDynamicVsyncFeature
05-30 22:40:53.680  8818  8818 I oplus.android.OplusFrameworkFactoryImpl: get feature:IOplusDynamicVsyncFeature
05-30 22:40:53.689  8818  8818 W rico.skitracker: Accessing hidden method Landroid/view/ViewGroup;->makeOptionalFitsSystemWindows()V (unsupported, reflection, allowed)
05-30 22:40:53.696  3207  3212 E Diag_Lib: [IMS_AP]"ims-rtp-daemon ims_rtp_qmi_handler_thread_func waiting on select thread>"
05-30 22:40:53.698  3207  3212 E Diag_Lib: [IMS_AP]"ims-rtp-daemon ims_rtp_qmi_handler_thread_func waiting on select thread>"
05-30 22:40:53.707  8818  8818 I SkiTracker GPS Location: Trying to get GPS location.
05-30 22:40:53.723  8818  8818 W ActionBarDrawerToggle: DrawerToggle may not show up because NavigationIcon is not visible. You may need to call actionbar.setDisplayHomeAsUpEnabled(true);
05-30 22:40:53.723  6434  6434 E VendorNfcService: changeNfcState: WIRELESS_CHARGING is disable; mIsWirelessCharging: false; mIsReverseChargingSwitchOpen: false
05-30 22:40:53.725  2006  2451 I OplusHansManager : unfreeze uid: 10357 com.microsoft.teams pids: [14995] reason: Broadcast scene: LcdOn
05-30 22:40:53.726  2006  3966 I OplusHansManager : uid=10357, pkg=com.microsoft.teams, transition from Frozen to Middle, reason=Broadcast
05-30 22:40:53.726  2006  3966 I OplusHansManager : uid=10357, pkg=com.microsoft.teams F exit(), F stay=0, reason=Broadcast
05-30 22:40:53.729  8818  8818 D LifecycleMonitor: Lifecycle status change: it.omarkiarafederico.skitracker.view.skimap.MapActivity@987caf6 in: CREATED
05-30 22:40:53.746  8818  8818 I StorageUtils: /data/user/0/it.omarkiarafederico.skitracker/files is writable
05-30 22:40:53.748  8818  8818 I StorageUtils: /storage/emulated/0/Android/data/it.omarkiarafederico.skitracker/files is writable
05-30 22:40:53.748  8818  8818 I StorageUtils: /data/user/0/it.omarkiarafederico.skitracker/files is writable
05-30 22:40:53.748  9435  9440 D IHansComunication: HANS sendMessageToKernel: threadId = 540708449456, netLinkSetup = 1, type = FROZEN_TRANS, targetUid = 10282, pkgCmd = PKG_CMD_MAX
05-30 22:40:53.748  8818  8818 I StorageUtils: /storage/emulated/0/Android/data/it.omarkiarafederico.skitracker/files is writable
05-30 22:40:53.750  8818  8818 I OsmDroid: Using tile source: Mapnik
05-30 22:40:53.752  8818  8818 I OsmDroid: Tile cache increased from 0 to 9
05-30 22:40:53.806  8818  8862 I SkiTracker API Call: URL richiesta API: https://nominatim.openstreetmap.org/reverse?lat=43.4814&lon=12.7012&format=geojson&extratags=1&zoom=15
05-30 22:40:53.811  4174  4212 D NetworkEvent: OplusNetworkEventCbProxy invoke.....onDnsEvent argslen:8
05-30 22:40:53.812  8818  8862 D TrafficStats: tagSocket(115) with statsTag=0xffffffff, statsUid=-1
05-30 22:40:53.830  4777 24556 D OplusAtlasService: getAttributeByAppName module:oplus-getStreamMaxVolume packageName:com.google.android.youtube
05-30 22:40:53.831 21654 21654 D AudioManagerExtImpl: getStreamVolume normal, volume index=16
05-30 22:40:53.835  1320 27285 I vendor.qti.bluetooth@1.0-ibs_handler: ProcessIbsCmd: Received IBS_SLEEP_IND: 0xFE
05-30 22:40:53.835  1320 27285 D vendor.qti.bluetooth@1.0-ibs_handler: SerialClockVote: vote for UART CLK OFF
05-30 22:40:53.849  8166  9127 D VRI[Launcher]: dispatchAppVisibility visible:false
05-30 22:40:53.849  3831 11432 D VRI[Launcher]: dispatchAppVisibility visible:false
05-30 22:40:53.858  4777 24556 D OplusAtlasService: getAttributeByAppName module:oplus-getStreamMaxVolume packageName:com.google.android.youtube
05-30 22:40:53.859 21654 21654 D AudioManagerExtImpl: getStreamVolume normal, volume index=16
05-30 22:40:53.861  1320 27285 I vendor.qti.bluetooth@1.0-ibs_handler: ProcessIbsCmd: Received IBS_WAKE_IND: 0xFD
05-30 22:40:53.861  1320 27285 D vendor.qti.bluetooth@1.0-ibs_handler: SerialClockVote: vote for UART CLK ON
05-30 22:40:53.861  1320 27285 I vendor.qti.bluetooth@1.0-ibs_handler: ProcessIbsCmd: Writing IBS_WAKE_ACK
05-30 22:40:53.866  1488  1488 D Layer   : reparent to null sequence=211304, seq[19], name=Surface(name=Task=6)/@0x7af8e3d - animation-leash of app_transition#211304
05-30 22:40:53.866  1488  1488 D Layer   : reparent to null sequence=211303, seq[48], name=Surface(name=Task=18672)/@0xce544f5 - animation-leash of app_transition#211303
05-30 22:40:53.866  1488  1488 D OplusLayer: ~Layer() sequence=211304, name=Surface(name=Task=6)/@0x7af8e3d - animation-leash of app_transition#211304
05-30 22:40:53.866  1488  1488 D OplusLayer: ~Layer() sequence=211303, name=Surface(name=Task=18672)/@0xce544f5 - animation-leash of app_transition#211303
05-30 22:40:53.867  3831  4038 D BufferQueueProducer: [VRI[Launcher]#2736(BLAST Consumer)2736](id:ef700001b16,api:1,p:3831,c:3831) disconnect: api 1
05-30 22:40:53.867  1488  1488 I DispPerfService: updateLayerMask 0
05-30 22:40:53.869  8166  8421 D BufferQueueProducer: [VRI[Launcher]#223(BLAST Consumer)223](id:1fe6000000df,api:1,p:8166,c:8166) disconnect: api 1
05-30 22:40:53.871  3831  3831 D BufferQueueConsumer: [VRI[Launcher]#2736(BLAST Consumer)2736](id:ef700001b16,api:0,p:-1,c:3831) disconnect
05-30 22:40:53.873  8166  8166 D BufferQueueConsumer: [VRI[Launcher]#223(BLAST Consumer)223](id:1fe6000000df,api:0,p:-1,c:8166) disconnect
05-30 22:40:53.873  8166  8166 I A       : (REDACTED) onApplyWindowInsets: systemWindowInsets=%s
05-30 22:40:53.873  8166  8166 I A       : (REDACTED) onApplyWindowInsets: systemWindowInsets=%s
05-30 22:40:53.882  2006  2426 D SensorService: onUidStateChanged uid = 10078, state = UID_STATE_ACTIVE
05-30 22:40:53.953  9435  9440 D IHansComunication: HANS sendMessageToKernel: threadId = 540708449456, netLinkSetup = 1, type = FROZEN_TRANS, targetUid = 10357, pkgCmd = PKG_CMD_MAX
05-30 22:40:54.031  4777 24556 D OplusAtlasService: getAttributeByAppName module:oplus-getStreamMaxVolume packageName:com.google.android.youtube
05-30 22:40:54.033 21654 21654 D AudioManagerExtImpl: getStreamVolume normal, volume index=16
05-30 22:40:54.060  4777 24556 D OplusAtlasService: getAttributeByAppName module:oplus-getStreamMaxVolume packageName:com.google.android.youtube
05-30 22:40:54.061 21654 21654 D AudioManagerExtImpl: getStreamVolume normal, volume index=16
05-30 22:40:54.073  1320 27285 I vendor.qti.bluetooth@1.0-ibs_handler: ProcessIbsCmd: Received IBS_SLEEP_IND: 0xFE
05-30 22:40:54.073  1320 27285 D vendor.qti.bluetooth@1.0-ibs_handler: SerialClockVote: vote for UART CLK OFF
05-30 22:40:54.081  1320 27285 I vendor.qti.bluetooth@1.0-ibs_handler: ProcessIbsCmd: Received IBS_WAKE_IND: 0xFD
05-30 22:40:54.081  1320 27285 D vendor.qti.bluetooth@1.0-ibs_handler: SerialClockVote: vote for UART CLK ON
05-30 22:40:54.081  1320 27285 I vendor.qti.bluetooth@1.0-ibs_handler: ProcessIbsCmd: Writing IBS_WAKE_ACK
05-30 22:40:54.161  1320 27285 I vendor.qti.bluetooth@1.0-ibs_handler: ProcessIbsCmd: Received IBS_SLEEP_IND: 0xFE
05-30 22:40:54.161  1320 27285 D vendor.qti.bluetooth@1.0-ibs_handler: SerialClockVote: vote for UART CLK OFF
05-30 22:40:54.181  1320 27285 I vendor.qti.bluetooth@1.0-ibs_handler: ProcessIbsCmd: Received IBS_WAKE_IND: 0xFD
05-30 22:40:54.181  1320 27285 D vendor.qti.bluetooth@1.0-ibs_handler: SerialClockVote: vote for UART CLK ON
05-30 22:40:54.181  1320 27285 I vendor.qti.bluetooth@1.0-ibs_handler: ProcessIbsCmd: Writing IBS_WAKE_ACK
05-30 22:40:54.233  4777 24556 D OplusAtlasService: getAttributeByAppName module:oplus-getStreamMaxVolume packageName:com.google.android.youtube
05-30 22:40:54.235 21654 21654 D AudioManagerExtImpl: getStreamVolume normal, volume index=16
05-30 22:40:54.238  3207  3212 E Diag_Lib: [IMS_AP]"ims-rtp-daemon ims_rtp_qmi_handler_thread_func waiting on select thread>"
05-30 22:40:54.238  3207  3212 E Diag_Lib: [IMS_AP]"ims-rtp-daemon ims_rtp_qmi_handler_thread_func waiting on select thread>"
05-30 22:40:54.238  3207  3212 E Diag_Lib: [IMS_AP]"ims-rtp-daemon ims_rtp_qmi_handler_thread_func waiting on select thread>"
05-30 22:40:54.256  8818  8862 I SkiTracker API Call w/XML: URL richiesta API: https://overpass-api.de/api/interpreter
05-30 22:40:54.258  3207  3212 E Diag_Lib: [IMS_AP]"ims-rtp-daemon ims_rtp_qmi_handler_thread_func waiting on select thread>"
05-30 22:40:54.258  3207  3212 E Diag_Lib: [IMS_AP]"ims-rtp-daemon ims_rtp_qmi_handler_thread_func waiting on select thread>"
05-30 22:40:54.258  8818  8862 D TrafficStats: tagSocket(118) with statsTag=0xffffffff, statsUid=-1
05-30 22:40:54.259  3207  3212 E Diag_Lib: [IMS_AP]"ims-rtp-daemon ims_rtp_qmi_handler_thread_func waiting on select thread>"
05-30 22:40:54.259  4174  4212 D NetworkEvent: OplusNetworkEventCbProxy invoke.....onDnsEvent argslen:8
05-30 22:40:54.262  4777 24556 D OplusAtlasService: getAttributeByAppName module:oplus-getStreamMaxVolume packageName:com.google.android.youtube
05-30 22:40:54.263 21654 21654 D AudioManagerExtImpl: getStreamVolume normal, volume index=16
05-30 22:40:54.341  2006  3048 D AppStateRecord: handleMessage: EVENT_FOREGROUND_APP_CHANGE
05-30 22:40:54.342  2006  3048 D AppStateRecord: isFgAppInStuckList
05-30 22:40:54.342  2006  3048 D AppStateRecord: getFgAppInStuckList: fgApp it.omarkiarafederico.skitracker
05-30 22:40:54.342  2006  3048 D AppStateRecord: handleMessage: not fg stuck app, updateQoeEvent false
05-30 22:40:54.363  2267  3129 D QmiClient: qmiServiceEventCallback recv msg id 74
05-30 22:40:54.363  2267  3129 D QmiDsdClient: enter - onQmiServiceEventCallback msgId 74
05-30 22:40:54.363  2267  3129 D QmiDsdClientEvent: qmiDsdClientNotifyLteCellInfoChangeEvent - RADIO_EVENT_LTE_CELL_INFO_CHANGE_IND
05-30 22:40:54.364  2267  2364 D DsdProxy: handleMessage msg is 2201
05-30 22:40:54.364  2267  2364 D DsdProxy: handleLteCellInfoChangeInd for instance 0
05-30 22:40:54.364  4174  4212 D SubsysRadioIndication: radioLteCAInfoInd
05-30 22:40:54.364  4174  4174 D QtiCellularNetwork: handleLteCaInfoChanged 0
05-30 22:40:54.367  1320 27285 I vendor.qti.bluetooth@1.0-ibs_handler: ProcessIbsCmd: Received IBS_SLEEP_IND: 0xFE
05-30 22:40:54.367  1320 27285 D vendor.qti.bluetooth@1.0-ibs_handler: SerialClockVote: vote for UART CLK OFF
05-30 22:40:54.387  1320 27285 I vendor.qti.bluetooth@1.0-ibs_handler: ProcessIbsCmd: Received IBS_WAKE_IND: 0xFD
05-30 22:40:54.388  1320 27285 D vendor.qti.bluetooth@1.0-ibs_handler: SerialClockVote: vote for UART CLK ON
05-30 22:40:54.388  1320 27285 I vendor.qti.bluetooth@1.0-ibs_handler: ProcessIbsCmd: Writing IBS_WAKE_ACK
05-30 22:40:54.436  4777 24556 D OplusAtlasService: getAttributeByAppName module:oplus-getStreamMaxVolume packageName:com.google.android.youtube
05-30 22:40:54.438 21654 21654 D AudioManagerExtImpl: getStreamVolume normal, volume index=16
05-30 22:40:54.465  4777 24556 D OplusAtlasService: getAttributeByAppName module:oplus-getStreamMaxVolume packageName:com.google.android.youtube
05-30 22:40:54.466 21654 21654 D AudioManagerExtImpl: getStreamVolume normal, volume index=16
05-30 22:40:54.468  1320 27285 I vendor.qti.bluetooth@1.0-ibs_handler: ProcessIbsCmd: Received IBS_SLEEP_IND: 0xFE
05-30 22:40:54.468  1320 27285 D vendor.qti.bluetooth@1.0-ibs_handler: SerialClockVote: vote for UART CLK OFF
05-30 22:40:54.496  1320 27285 I vendor.qti.bluetooth@1.0-ibs_handler: ProcessIbsCmd: Received IBS_WAKE_IND: 0xFD
05-30 22:40:54.496  1320 27285 D vendor.qti.bluetooth@1.0-ibs_handler: SerialClockVote: vote for UART CLK ON
05-30 22:40:54.496  1320 27285 I vendor.qti.bluetooth@1.0-ibs_handler: ProcessIbsCmd: Writing IBS_WAKE_ACK
05-30 22:40:54.516  1366  5689 E ANDR-PERF-LM: VmRssMeter:: start() 447: Could not find pid, can not collect vmrss data
05-30 22:40:54.516  1366  5690 E ANDR-PERF-LM: VmRssMeter:: start() 447: Could not find pid, can not collect vmrss data
05-30 22:40:54.516  1366  5690 E ANDR-PERF-LM: AdaptiveLaunch: writeToDataBase() 64: Meter aborted or could not get meter data for this run
05-30 22:40:54.523  2267  3129 D QmiClient: qmiServiceEventCallback recv msg id 74
05-30 22:40:54.523  2267  3129 D QmiDsdClient: enter - onQmiServiceEventCallback msgId 74
05-30 22:40:54.523  2267  3129 D QmiDsdClientEvent: qmiDsdClientNotifyLteCellInfoChangeEvent - RADIO_EVENT_LTE_CELL_INFO_CHANGE_IND
05-30 22:40:54.523  2267  2364 D DsdProxy: handleMessage msg is 2201
05-30 22:40:54.523  2267  2364 D DsdProxy: handleLteCellInfoChangeInd for instance 0
05-30 22:40:54.523  4174  4212 D SubsysRadioIndication: radioLteCAInfoInd
05-30 22:40:54.523  4174  4174 D QtiCellularNetwork: handleLteCaInfoChanged 0
05-30 22:40:54.532  6620  8469 W yAF.TPLog.FrameworkUpdateListener: [it.omarkiarafederico.skitracker.test] removed. Stop sending intent
05-30 22:40:54.596  1320 27285 I vendor.qti.bluetooth@1.0-ibs_handler: ProcessIbsCmd: Received IBS_SLEEP_IND: 0xFE
05-30 22:40:54.596  1320 27285 D vendor.qti.bluetooth@1.0-ibs_handler: SerialClockVote: vote for UART CLK OFF
05-30 22:40:54.596  1320 27285 I vendor.qti.bluetooth@1.0-ibs_handler: ProcessIbsCmd: Received IBS_WAKE_IND: 0xFD
05-30 22:40:54.596  1320 27285 D vendor.qti.bluetooth@1.0-ibs_handler: SerialClockVote: vote for UART CLK ON
05-30 22:40:54.596  1320 27285 I vendor.qti.bluetooth@1.0-ibs_handler: ProcessIbsCmd: Writing IBS_WAKE_ACK
05-30 22:40:54.638  4777 24556 D OplusAtlasService: getAttributeByAppName module:oplus-getStreamMaxVolume packageName:com.google.android.youtube
05-30 22:40:54.639 21654 21654 D AudioManagerExtImpl: getStreamVolume normal, volume index=16
05-30 22:40:54.667  4777 24556 D OplusAtlasService: getAttributeByAppName module:oplus-getStreamMaxVolume packageName:com.google.android.youtube
05-30 22:40:54.668 21654 21654 D AudioManagerExtImpl: getStreamVolume normal, volume index=16
05-30 22:40:54.694  2006  6436 D LocationManagerService: gps provider added registration from 10334/it.omarkiarafederico.skitracker/A8E99ECF -> Request[@0 HIGH_ACCURACY, WorkSource{10334 it.omarkiarafederico.skitracker}] permissionLevel: 2 permitted: true
05-30 22:40:54.694  2006  6436 D LocationManagerService: registration onActive from uid: 10334 package: it.omarkiarafederico.skitracker
05-30 22:40:54.695  2006  6436 D LocationManagerService: network provider added registration from 10334/it.omarkiarafederico.skitracker/A8E99ECF -> Request[@0 BALANCED, WorkSource{10334 it.omarkiarafederico.skitracker}] permissionLevel: 2 permitted: true
05-30 22:40:54.695  1327  1478 E LocSvc_APIClientBase: onResponseCb:917] ERROR: 5 ID: 351
05-30 22:40:54.695  2006  6436 D LocationManagerService: registration onActive from uid: 10334 package: it.omarkiarafederico.skitracker
05-30 22:40:54.696  8818  8818 D LifecycleMonitor: Lifecycle status change: it.omarkiarafederico.skitracker.view.skimap.MapActivity@987caf6 in: STARTED
05-30 22:40:54.697  2006  2425 D LocationManagerService: passive provider added registration from 1000/android[GnssService]/B6969154 -> Request[PASSIVE, minUpdateInterval=0, WorkSource{1000 android}] permissionLevel: 2 permitted: true
05-30 22:40:54.697  2006  2425 D LocationManagerService: registration onActive from uid: 1000 package: android
05-30 22:40:54.698  8818  8818 D LifecycleMonitor: Lifecycle status change: it.omarkiarafederico.skitracker.view.skimap.MapActivity@987caf6 in: RESUMED
05-30 22:40:54.701  1320 27285 I vendor.qti.bluetooth@1.0-ibs_handler: ProcessIbsCmd: Received IBS_SLEEP_IND: 0xFE
05-30 22:40:54.701  1320 27285 D vendor.qti.bluetooth@1.0-ibs_handler: SerialClockVote: vote for UART CLK OFF
05-30 22:40:54.702  1488  2499 I SurfaceFlinger: [SF client] NEW(0xb400007ef76ac180) for (8818:it.omarkiarafederico.skitracker)
05-30 22:40:54.705  8818  8882 I OplusSlideAnimOptHelper: checkListMode: is blacklist mode = true
05-30 22:40:54.705  1320 27285 I vendor.qti.bluetooth@1.0-ibs_handler: ProcessIbsCmd: Received IBS_WAKE_IND: 0xFD
05-30 22:40:54.705  1320 27285 D vendor.qti.bluetooth@1.0-ibs_handler: SerialClockVote: vote for UART CLK ON
05-30 22:40:54.705  1320 27285 I vendor.qti.bluetooth@1.0-ibs_handler: ProcessIbsCmd: Writing IBS_WAKE_ACK
05-30 22:40:54.705  8818  8882 D OplusSlideAnimOptHelper: it.omarkiarafederico.skitracker scrollEffectOpt enable = true
05-30 22:40:54.705  8818  8818 D WindowManager: Add to mViews: DecorView@7e89f42[MapActivity],pkg= it.omarkiarafederico.skitracker
05-30 22:40:54.708  8818  8856 D ExtensionsLoader: createInstance(64bit) : createExtendedFactory
05-30 22:40:54.709  8818  8856 D ExtensionsLoader: Opened libhwuiextimpl.so
05-30 22:40:54.709  8818  8818 D ExtensionsLoader: createInstance(64bit) : createExtendedFactory
05-30 22:40:54.709  8818  8818 D ExtensionsLoader: Opened libSchedAssistExtImpl.so
05-30 22:40:54.710 21060 21529 W SystemServiceRegistry: No service published for: wifirtt
05-30 22:40:54.715  1488  2499 I SurfaceFlinger: [SF client] NEW(0xb400007ef76ac600) for (2006:system_server)
05-30 22:40:54.718  8818  8818 D InputEventReceiver: Input log is disabled
05-30 22:40:54.719  2006  2911 I OplusHansManager : notifyGnssStatusChanged isNavigating:true
05-30 22:40:54.720  8818  8818 I SkiTracker GPS Location: Fine Location Allowed
05-30 22:40:54.723  5513  8885 D DebugReportServiceHidlClient: getReport 1.1...
05-30 22:40:54.723  5513  8885 D DebugReportServiceHidlClient: getReport 1.1 success: true
05-30 22:40:54.723  5513  8885 D DebugReportServiceHidlClient: getReport 1.0 success: true
05-30 22:40:54.735  2006  2911 D AGnssCbJni: agnssStatusCbImpl. type: 1, status:1
05-30 22:40:54.736  2006  2425 D ConnectivityService: requestNetwork for uid/pid:1000/2006 activeRequest: null callbackRequest: 19791 [NetworkRequest [ REQUEST id=19791, [ Transports: CELLULAR Capabilities: SUPL&NOT_RESTRICTED&TRUSTED&NOT_VPN Uid: 1000 RequestorUid: 1000 RequestorPkg: android UnderlyingNetworks: Null] ]] callback flags: 0 order: 2147483647
05-30 22:40:54.738  3207  3212 E Diag_Lib: [IMS_AP]"ims-rtp-daemon ims_rtp_qmi_handler_thread_func waiting on select thread>"
05-30 22:40:54.738  3207  3212 E Diag_Lib: [IMS_AP]"ims-rtp-daemon ims_rtp_qmi_handler_thread_func waiting on select thread>"
05-30 22:40:54.738  3207  3212 E Diag_Lib: [IMS_AP]"ims-rtp-daemon ims_rtp_qmi_handler_thread_func waiting on select thread>"
05-30 22:40:54.738  2006  2987 D ConnectivityService: NetReassign [19791 : null → 162] [c 0] [a 0] [i 2]
05-30 22:40:54.739  3207  3212 E Diag_Lib: [IMS_AP]"ims-rtp-daemon ims_rtp_qmi_handler_thread_func waiting on select thread>"
05-30 22:40:54.739  4074  4074 D PhoneSwitcherNetworkRequstListener: got request NetworkRequest [ REQUEST id=19791, [ Transports: CELLULAR Capabilities: SUPL&NOT_RESTRICTED&TRUSTED&NOT_VPN Uid: 1000 RequestorUid: 1000 RequestorPkg: android UnderlyingNetworks: Null] ]
05-30 22:40:54.743  2006  6436 I LocationAccessPolicy: com.instagram.android is aware of coarse but the app-ops permission is specifically denied.
05-30 22:40:54.750  2006  4495 D Theia.NoFocusWindow: FocusWindowErrorScene cancelCheckFreezeScreen
05-30 22:40:54.754  8818  8818 D BufferQueueConsumer: [](id:227200000000,api:0,p:-1,c:8818) connect: controlledByApp=false
05-30 22:40:54.755  8818  8818 D ExtensionsLoader: createInstance(64bit) : createExtendedFactory
05-30 22:40:54.755  8818  8818 D ExtensionsLoader: Opened libSchedAssistExtImpl.so
05-30 22:40:54.756  8818  8856 I AdrenoGLES-0: QUALCOMM build                   : 1159e70389, I1027f1d7d9
05-30 22:40:54.756  8818  8856 I AdrenoGLES-0: Build Date                       : 04/08/22
05-30 22:40:54.756  8818  8856 I AdrenoGLES-0: OpenGL ES Shader Compiler Version: EV031.32.02.17
05-30 22:40:54.756  8818  8856 I AdrenoGLES-0: Local Branch                     :
05-30 22:40:54.756  8818  8856 I AdrenoGLES-0: Remote Branch                    :
05-30 22:40:54.756  8818  8856 I AdrenoGLES-0: Remote Branch                    :
05-30 22:40:54.756  8818  8856 I AdrenoGLES-0: Reconstruct Branch               :
05-30 22:40:54.756  8818  8856 I AdrenoGLES-0: Build Config                     : S P 10.0.7 AArch64
05-30 22:40:54.756  8818  8856 I AdrenoGLES-0: Driver Path                      : /vendor/lib64/egl/libGLESv2_adreno.so
05-30 22:40:54.758  8818  8856 I AdrenoGLES-0: PFP: 0x016dd093, ME: 0x00000000
05-30 22:40:54.765  1327  3206 E LocSvc_ApiV02: reportLocEvent:4011] Loc event report: 0 KlobucharIonoMode_valid:0: leapSec_valid:1: tauC_valid:1 featureStatusReport_valid: 0 featureStatusReport: 0
05-30 22:40:54.770  8818  8856 D BufferQueueProducer: [VRI[MapActivity]#0(BLAST Consumer)0](id:227200000000,api:1,p:8818,c:8818) connect: api=1 producerControlledByApp=true
05-30 22:40:54.773   705   705 I servicemanager: Could not find android.hardware.graphics.allocator.IAllocator/default in the VINTF manifest.
05-30 22:40:54.779  1488  1488 D Layer   : reparent to null sequence=211305, seq[1], name=Surface(name=93ef453 StatusBar)/@0x179481f - animation-leash of insets_animation#211305
05-30 22:40:54.779  1488  1488 D Layer   : reparent to null sequence=211306, seq[2], name=Surface(name=ab9d8d1 NavigationBar0)/@0x59b5135 - animation-leash of insets_animation#211306
05-30 22:40:54.780  1488  1488 D OplusLayer: ~Layer() sequence=211305, name=Surface(name=93ef453 StatusBar)/@0x179481f - animation-leash of insets_animation#211305
05-30 22:40:54.780  1488  1488 D OplusLayer: ~Layer() sequence=211306, name=Surface(name=ab9d8d1 NavigationBar0)/@0x59b5135 - animation-leash of insets_animation#211306
05-30 22:40:54.781  2006  3048 E OplusNetworkStackManager: callback len = 5
05-30 22:40:54.781  2006  3048 D OLK     : INetworkScoreCallback() networkId: 162 better = true, score = 100
05-30 22:40:54.782  3207  3212 E Diag_Lib: [IMS_AP]"ims-rtp-daemon ims_rtp_qmi_handler_thread_func waiting on select thread>"
05-30 22:40:54.783  4174  4212 E OplusNetworkStackManager: callback len = 2
05-30 22:40:54.783  4174  4212 D NetworkEvent: OplusNetworkScoreCbProxy invoke.....onNetworkQualityChange argslen:6
05-30 22:40:54.783  4174  4212 D OplusFastRecovery: OplusNetworkScoreCbProxy invoke.....onNetworkQualityChange argslen:6
05-30 22:40:54.783  4074  5995 E OplusNetworkStackManager: callback len = 1
05-30 22:40:54.785  8818  8818 D VRI[MapActivity]: registerCallbacksForSync syncBuffer=false
05-30 22:40:54.785  1320 27285 I vendor.qti.bluetooth@1.0-ibs_handler: ProcessIbsCmd: Received IBS_SLEEP_IND: 0xFE
05-30 22:40:54.785  1320 27285 D vendor.qti.bluetooth@1.0-ibs_handler: SerialClockVote: vote for UART CLK OFF
05-30 22:40:54.801  1320 27285 I vendor.qti.bluetooth@1.0-ibs_handler: ProcessIbsCmd: Received IBS_WAKE_IND: 0xFD
05-30 22:40:54.801  1320 27285 D vendor.qti.bluetooth@1.0-ibs_handler: SerialClockVote: vote for UART CLK ON
05-30 22:40:54.801  1320 27285 I vendor.qti.bluetooth@1.0-ibs_handler: ProcessIbsCmd: Writing IBS_WAKE_ACK
05-30 22:40:54.840  4777 24556 D OplusAtlasService: getAttributeByAppName module:oplus-getStreamMaxVolume packageName:com.google.android.youtube
05-30 22:40:54.841 21654 21654 D AudioManagerExtImpl: getStreamVolume normal, volume index=16
05-30 22:40:54.847  1488  1705 I ClientCache: add: Cache owner=0xb400007f25043160
05-30 22:40:54.847  8818  8856 D VRI[MapActivity]: Received frameCommittedCallback lastAttemptedDrawFrameNum=1 didProduceBuffer=true syncBuffer=false
05-30 22:40:54.849  8818  8856 W Parcel  : Expecting binder but got null!
05-30 22:40:54.849  8818  8818 D VRI[MapActivity]: draw finished.
05-30 22:40:54.859  2006  2425 W ziparchive: Unable to open '/data/app/~~UpAKfuEPshVXAAacvJpHww==/it.omarkiarafederico.skitracker-9gQIjhmSPl-aXqcaxl6g_g==/base.dm': No such file or directory
05-30 22:40:54.859  2006  2425 I ActivityTaskManager: Displayed it.omarkiarafederico.skitracker/.view.skimap.MapActivity: +1s364ms
05-30 22:40:54.860   706   706 I hwservicemanager: getTransport: Cannot find entry vendor.qti.hardware.iop@2.0::IIop/default in either framework or device VINTF manifest.
05-30 22:40:54.860   706   706 I hwservicemanager: getTransport: Cannot find entry vendor.qti.hardware.iop@2.0::IIop/default in either framework or device VINTF manifest.
05-30 22:40:54.863  1488  1488 D OplusLayer: (211309,it.omarkiarafederico.skitracker/it.omarkiarafederico.skitracker.view.skimap.MapActivity#211309,it.omarkiarafederico.skitracker) setBuffer
05-30 22:40:54.864  1488  1488 I DispPerfService: updateLayerMask 0
05-30 22:40:54.864  2006  4495 I FocusResolver: updateFocusedWindow, 5089cfd it.omarkiarafederico.skitracker/it.omarkiarafederico.skitracker.view.skimap.MapActivity on display 0, reason: Window became focusable. Previous reason: NOT_VISIBLE, result:   FocusedWindows:
05-30 22:40:54.864  2006  4495 I FocusResolver:     displayId=0, name='5089cfd it.omarkiarafederico.skitracker/it.omarkiarafederico.skitracker.view.skimap.MapActivity'
05-30 22:40:54.866  8818  8818 D VRI[MapActivity]: onFocusEvent true
05-30 22:40:54.869  4777 24556 D OplusAtlasService: getAttributeByAppName module:oplus-getStreamMaxVolume packageName:com.google.android.youtube
05-30 22:40:54.870 21654 21654 D AudioManagerExtImpl: getStreamVolume normal, volume index=16
05-30 22:40:54.870  8818  8818 D VRI[MapActivity]: registerCallbacksForSync syncBuffer=false
05-30 22:40:54.871  1488  2494 D VRR [OTI]: handleIdle from 0 to 1
05-30 22:40:54.871  1488  2494 D VRR [OTI-HW]: isStateReady 0
05-30 22:40:54.871  1488  2494 D VRR [OTI-HW]: rate range: min {id=0, hwcId=0, resolution=1080x2400, refreshRate=60.00 Hz, dpi=403.41x401.05, group=0} cur {id=0, hwcId=0, resolution=1080x2400, refreshRate=60.00 Hz, dpi=403.41x401.05, group=0} max {id=0, hwcId=0, resolution=1080x2400, refreshRate=60.00 Hz, dpi=403.41x401.05, group=0}
05-30 22:40:54.871  1488  2494 D VRR [OTI-HW]: keep rate.
05-30 22:40:54.883  8818  8856 D VRI[MapActivity]: Received frameCommittedCallback lastAttemptedDrawFrameNum=3 didProduceBuffer=true syncBuffer=false
05-30 22:40:54.883  8818  8818 D VRI[MapActivity]: draw finished.
05-30 22:40:54.888 24377 24377 D InputEventReceiver: Input log is disabled
05-30 22:40:54.891 24377 24377 I GoogleInputMethodService: GoogleInputMethodService.onFinishInput():3307
05-30 22:40:54.891 24377 24377 I GoogleInputMethodService: GoogleInputMethodService.updateDeviceLockedStatus():2137 repeatCheckTimes = 0, locked = false
05-30 22:40:54.891 24377 24377 I GoogleInputMethodService: GoogleInputMethodService.onStartInput():1917 onStartInput(EditorInfo{inputType=0x0(NULL) imeOptions=0x0 privateImeOptions=null actionName=UNSPECIFIED actionLabel=null actionId=0 initialSelStart=-1 initialSelEnd=-1 initialCapsMode=0x0 hintText=null label=null packageName=it.omarkiarafederico.skitracker fieldId=2131230793 fieldName=null extras=Bundle[{com.oplus.im.SCENES=0}] hintLocales=[]}, false)
05-30 22:40:54.892 24377 24377 I GoogleInputMethodService: GoogleInputMethodService.shouldHideHeaderOnInitialState():1998 ShouldHideHeaderOnInitialState = false
05-30 22:40:54.892 24377 24377 I GoogleInputMethodService: GoogleInputMethodService.updateDeviceLockedStatus():2137 repeatCheckTimes = 1, locked = false
05-30 22:40:54.896  1488  1488 D Layer   : reparent to null sequence=211268, seq[3], name=Surface(name=af1e532 InputMethod)/@0x1c5ec39 - animation-leash of insets_animation#211268
05-30 22:40:54.896  1488  1488 D OplusLayer: ~Layer() sequence=211268, name=Surface(name=af1e532 InputMethod)/@0x1c5ec39 - animation-leash of insets_animation#211268
05-30 22:40:54.920  3831  3831 D VRI[Launcher]: setWindowStopped stopped:true
05-30 22:40:54.933  4777 24556 D OplusAtlas.OplusAtlasEventDispatch: setEvent:atlas_event_on_foreground_activities_changed info:pid:3831,uid:10109,hasForegroundActivities:0
05-30 22:40:54.934  6939  6979 V DeepThinker: ProcessManager: onForegroundActivitiesChanged pid:3831, uid:10109, foregroundActivities:false
05-30 22:40:54.934  4777  6655 D OplusAtlas.OplusAudioScene: callback success event:atlas_event_on_foreground_activities_changed eventInfo:pid:3831,uid:10109,hasForegroundActivities:0
05-30 22:40:54.934  4777  6984 D OplusAtlas.OplusMessageHandler: handleMessage: Msg { when=-1ms what=2 obj=com.oplus.atlas.OplusAtlasEvent@30cc4d8 target=com.oplus.atlas.OplusMessageHandler$MyHandler }
05-30 22:40:54.933 27074 27272 I BtGatt.ScanManager: msg.what = 6
05-30 22:40:54.938 27074 27074 I OplusCustomScanStrategy: msg.what = 6
05-30 22:40:54.942  8818  8845 W Settings: Setting always_finish_activities has moved from android.provider.Settings.System to android.provider.Settings.Global, returning read-only value.
05-30 22:40:54.946  1488  1488 D Layer   : reparent to null sequence=211292, seq[6], name=com.android.launcher/com.android.launcher.Launcher#211292
05-30 22:40:54.946  1488  1488 D Layer   : reparent to null sequence=211293, seq[6], name=com.android.launcher/com.android.launcher.Launcher#211293
05-30 22:40:54.946  1488  1488 D OplusLayer: ~Layer() sequence=211293, name=com.android.launcher/com.android.launcher.Launcher#211293
05-30 22:40:54.946  1488  1488 D OplusLayer: ~Layer() sequence=211292, name=com.android.launcher/com.android.launcher.Launcher#211292
05-30 22:40:54.949  2006  4495 D ActivityTrigger: ActivityTrigger activityPauseTrigger
05-30 22:40:54.954  2006  4495 D Theia.NoFocusWindow: FocusWindowErrorScene CheckFreezeScreen
05-30 22:40:54.960  2006  4495 D OplusUIFirst_FB: it.omarkiarafederico.skitracker activity event: []
05-30 22:40:54.960  2006  4495 D OplusUIFirst_FB: List of ThreadOp: size=0 []
05-30 22:40:54.961  8818  8818 D LifecycleMonitor: Lifecycle status change: it.omarkiarafederico.skitracker.view.skimap.MapActivity@987caf6 in: PAUSED
05-30 22:40:54.961  8818  8818 V ActivityScenario: Activity lifecycle changed event received but ignored because the intent does not match. startActivityIntent=Intent { act=android.intent.action.MAIN cat=[android.intent.category.LAUNCHER] flg=0x10008000 cmp=it.omarkiarafederico.skitracker/.view.skimap.MapActivity }, activity.getIntent()=Intent { act=android.intent.action.MAIN flg=0x14000000 cmp=it.omarkiarafederico.skitracker/.view.skimap.MapActivity mCallingUid=10334 }, activity=it.omarkiarafederico.skitracker.view.skimap.MapActivity@987caf6
05-30 22:40:54.962  2006  4495 D OplusUIFirst_FB: it.omarkiarafederico.skitracker activity event: []
05-30 22:40:54.962  2006  4495 D OplusUIFirst_FB: List of ThreadOp: size=0 []
05-30 22:40:54.962  2006  4495 D OplusUIFirst_FB: handleParaSwitch it.omarkiarafederico.skitracker null null 1
05-30 22:40:54.962  2006  4495 D OplusUIFirst_FB: it.omarkiarafederico.skitracker activity event: []
05-30 22:40:54.962  2006  4495 D OplusUIFirst_FB: List of ThreadOp: size=0 []
05-30 22:40:54.962  2006  4495 D OplusUIFirst_FB: handleParaSwitch it.omarkiarafederico.skitracker null null 1
05-30 22:40:54.963  1366  1537 E ANDR-PERF-LM: MetaMeter: handleAsync() 166: AdaptLaunch Invalid Async
05-30 22:40:54.963  1488  1488 D Layer   : reparent to null sequence=211310, seq[1], name=Surface(name=93ef453 StatusBar)/@0x179481f - animation-leash of insets_animation#211310
05-30 22:40:54.963  1488  1488 D Layer   : reparent to null sequence=211311, seq[2], name=Surface(name=ab9d8d1 NavigationBar0)/@0x59b5135 - animation-leash of insets_animation#211311
05-30 22:40:54.965  1488  1705 I SurfaceFlinger: [SF client] NEW(0xb400007ef7c59a40) for (3450:com.android.systemui)
05-30 22:40:54.966  3450  3573 W OplusSlideAnimOptHelper: initScrollOpt: not running in mainthread
05-30 22:40:54.966  2006  4495 I InputDispatcher: setFocusedApplication displayId=0 ActivityRecord{53aca87 u0 it.omarkiarafederico.skitracker/.view.skimap.MapActivity} t18672}
05-30 22:40:54.966  3450  3573 D WindowManager: Add to mViews: android.widget.FrameLayout{cfe1099 V.E...... ......I. 0,0-0,0},pkg= it.omarkiarafederico.skitracker
05-30 22:40:54.974  3450  3573 D InputEventReceiver: Input log is disabled
05-30 22:40:54.979  1488  1488 D OplusLayer: ~Layer() sequence=211311, name=Surface(name=ab9d8d1 NavigationBar0)/@0x59b5135 - animation-leash of insets_animation#211311
05-30 22:40:54.979  1488  1488 D OplusLayer: ~Layer() sequence=211310, name=Surface(name=93ef453 StatusBar)/@0x179481f - animation-leash of insets_animation#211310
05-30 22:40:54.980  8818  8818 D LifecycleMonitor: Lifecycle status change: it.omarkiarafederico.skitracker.view.skimap.MapActivity@165bf5f in: PRE_ON_CREATE
05-30 22:40:54.981  8818  8818 V ActivityScenario: Activity lifecycle changed event received but ignored because the reported transition was not ON_CREATE while the last known transition was PRE_ON_CREATE
05-30 22:40:54.982  2006  6376 I FocusResolver: updateFocusedWindow,  on display 0, reason: Waiting for window because NOT_FOCUSABLE, result:   FocusedWindows: <none>
05-30 22:40:54.984  8818  8818 I oplus.android.OplusFrameworkFactoryImpl: get feature:IOplusDynamicVsyncFeature
05-30 22:40:54.984  8818  8818 I oplus.android.OplusFrameworkFactoryImpl: get feature:IOplusDynamicVsyncFeature
05-30 22:40:54.984  8818  8818 I oplus.android.OplusFrameworkFactoryImpl: get feature:IOplusDynamicVsyncFeature
05-30 22:40:54.984  8818  8818 I oplus.android.OplusFrameworkFactoryImpl: get feature:IOplusDynamicVsyncFeature
05-30 22:40:54.984  8818  8818 I oplus.android.OplusFrameworkFactoryImpl: get feature:IOplusDynamicVsyncFeature
05-30 22:40:54.984  8818  8818 I oplus.android.OplusFrameworkFactoryImpl: get feature:IOplusDynamicVsyncFeature
05-30 22:40:54.985  3450  3573 D BufferQueueConsumer: [](id:d7a0000417f,api:0,p:-1,c:3450) connect: controlledByApp=false
05-30 22:40:54.986  3450  3695 D BufferQueueProducer: [VRI[skitracker]#16724(BLAST Consumer)16724](id:d7a0000417f,api:1,p:3450,c:3450) connect: api=1 producerControlledByApp=true
05-30 22:40:54.986  3450  3573 D VRI[skitracker]: registerCallbacksForSync syncBuffer=false
05-30 22:40:54.990  3450  3695 D VRI[skitracker]: Received frameCommittedCallback lastAttemptedDrawFrameNum=1 didProduceBuffer=true syncBuffer=false
05-30 22:40:54.990   706   706 I hwservicemanager: getTransport: Cannot find entry vendor.qti.hardware.cacert@1.0::IService/default in either framework or device VINTF manifest.
05-30 22:40:54.990  3450  3695 W Parcel  : Expecting binder but got null!
05-30 22:40:54.990  3450  3573 D VRI[skitracker]: draw finished.
05-30 22:40:54.990  3958  5753 E CACERT_n: failed to get HAL service
05-30 22:40:54.991  3958  5753 E CACERT_n: service not available
05-30 22:40:54.991  3958  5753 E CACERT_n: certificate request failed with error=-2
