05-30 22:40:54.995  1488  1488 D OplusLayer: (211318,Splash Screen it.omarkiarafederico.skitracker#211318,com.android.systemui) setBuffer
05-30 22:40:54.996  2006  3093 D LocationManagerService: incoming location from: network
05-30 22:40:54.998  2006  3093 D LocationManagerService: incoming location from: network
05-30 22:40:55.006  8818  8818 I oplus.android.OplusFrameworkFactoryImpl: get feature:IOplusDynamicVsyncFeature
05-30 22:40:55.006  8818  8818 I oplus.android.OplusFrameworkFactoryImpl: get feature:IOplusDynamicVsyncFeature
05-30 22:40:55.006  8818  8818 I oplus.android.OplusFrameworkFactoryImpl: get feature:IOplusDynamicVsyncFeature
05-30 22:40:55.012  8818  8818 I oplus.android.OplusFrameworkFactoryImpl: get feature:IOplusDynamicVsyncFeature
05-30 22:40:55.012  8818  8818 I oplus.android.OplusFrameworkFactoryImpl: get feature:IOplusDynamicVsyncFeature
05-30 22:40:55.012  8818  8818 I oplus.android.OplusFrameworkFactoryImpl: get feature:IOplusDynamicVsyncFeature
05-30 22:40:55.013  1488  1488 D Layer   : reparent to null sequence=211314, seq[1], name=Surface(name=93ef453 StatusBar)/@0x179481f - animation-leash of insets_animation#211314
05-30 22:40:55.013  1488  1488 D Layer   : reparent to null sequence=211315, seq[2], name=Surface(name=ab9d8d1 NavigationBar0)/@0x59b5135 - animation-leash of insets_animation#211315
05-30 22:40:55.023  8818  8818 I SkiTracker GPS Location: Trying to get GPS location.
05-30 22:40:55.029  1488  1488 D OplusLayer: ~Layer() sequence=211315, name=Surface(name=ab9d8d1 NavigationBar0)/@0x59b5135 - animation-leash of insets_animation#211315
05-30 22:40:55.029  1488  1488 D OplusLayer: ~Layer() sequence=211314, name=Surface(name=93ef453 StatusBar)/@0x179481f - animation-leash of insets_animation#211314
05-30 22:40:55.030  1488  1488 I DispPerfService: updateLayerMask 0
05-30 22:40:55.032  8818  8818 W ActionBarDrawerToggle: DrawerToggle may not show up because NavigationIcon is not visible. You may need to call actionbar.setDisplayHomeAsUpEnabled(true);
05-30 22:40:55.033  8818  8818 D LifecycleMonitor: Lifecycle status change: it.omarkiarafederico.skitracker.view.skimap.MapActivity@165bf5f in: CREATED
05-30 22:40:55.033  8818  8818 V ActivityScenario: Update currentActivityStage to CREATED, currentActivity=it.omarkiarafederico.skitracker.view.skimap.MapActivity@165bf5f
05-30 22:40:55.035  8818  8832 I rico.skitracker: Compiler allocated 4148KB to compile void android.widget.TextView.<init>(android.content.Context, android.util.AttributeSet, int, int)
05-30 22:40:55.040  8818  8818 I OsmDroid: Using tile source: Mapnik
05-30 22:40:55.040  8818  8818 I OsmDroid: Tile cache increased from 0 to 9
05-30 22:40:55.041  4777 24556 D OplusAtlasService: getAttributeByAppName module:oplus-getStreamMaxVolume packageName:com.google.android.youtube
05-30 22:40:55.042 21654 21654 D AudioManagerExtImpl: getStreamVolume normal, volume index=16
05-30 22:40:55.045  8818  8862 I SkiTracker API Call: URL richiesta API: https://nominatim.openstreetmap.org/reverse?lat=43.4814&lon=12.7012&format=geojson&extratags=1&zoom=15
05-30 22:40:55.048  8818  8862 D TrafficStats: tagSocket(176) with statsTag=0xffffffff, statsUid=-1
05-30 22:40:55.070  4777 24556 D OplusAtlasService: getAttributeByAppName module:oplus-getStreamMaxVolume packageName:com.google.android.youtube
05-30 22:40:55.071 21654 21654 D AudioManagerExtImpl: getStreamVolume normal, volume index=16
05-30 22:40:55.131  3450  3695 D BufferQueueProducer: [VRI[skitracker]#16723(BLAST Consumer)16723](id:d7a0000417e,api:1,p:3450,c:3450) disconnect: api 1
05-30 22:40:55.135  3450  3573 D BufferQueueConsumer: [VRI[skitracker]#16723(BLAST Consumer)16723](id:d7a0000417e,api:0,p:-1,c:3450) disconnect
05-30 22:40:55.135  3450  3573 D OplusScrollToTopManager: unregisterGuidePopupDismissReceiverInSystemUI
05-30 22:40:55.135  3450  3573 D OplusScrollToTopManager: Receiver not registered: android.view.OplusScrollToTopManager$1@56839d1
05-30 22:40:55.135  3450  3573 D OplusScrollToTopManager: unregisterSystemUIBroadcastReceiver
05-30 22:40:55.135  3450  3573 D OplusScrollToTopManager: java.lang.IllegalArgumentException: Receiver not registered: android.view.OplusScrollToTopManager$2@7a47c36
05-30 22:40:55.136  2006  4495 W InputManager-JNI: Input channel object '447abf7 Splash Screen it.omarkiarafederico.skitracker (client)' was disposed without first being removed with the input manager!
05-30 22:40:55.145  1488  1488 D Layer   : reparent to null sequence=211312, seq[33], name=Surface(name=5089cfd it.omarkiarafederico.skitracker/it.omarkiarafederico.skitracker.view.skimap.MapActivity)/@0xfc3b84 - animation-leash of starting_reveal#211312
05-30 22:40:55.163  8818  8909 D VRI[MapActivity]: dispatchAppVisibility visible:false
05-30 22:40:55.178  1488  1488 D Layer   : reparent to null sequence=211302, seq[5], name=Splash Screen it.omarkiarafederico.skitracker#211302
05-30 22:40:55.178  1488  1488 D Layer   : reparent to null sequence=211321, seq[22], name=Surface(name=ActivityRecord{2cd72a u0 it.omarkiarafederico.skitracker/.view.skimap.MapActivity})/@0x7c3c250 - animation-leash of app_transition#211321
05-30 22:40:55.178  1488  1488 D Layer   : reparent to null sequence=211301, seq[4], name=447abf7 Splash Screen it.omarkiarafederico.skitracker#211301
05-30 22:40:55.178  1488  1488 D Layer   : reparent to null sequence=211322, seq[1], name=Surface(name=ActivityRecord{2cd72a u0 it.omarkiarafederico.skitracker/.view.skimap.MapActivity})/@0x7c3c250 - animation-bounds#211322
05-30 22:40:55.178  1488  1488 D Layer   : reparent to null sequence=211320, seq[2], name=Surface(name=ActivityRecord{53aca87 u0 it.omarkiarafederico.skitracker/.view.skimap.MapActivity})/@0x535784d - animation-bounds#211320
05-30 22:40:55.178  1488  1488 D Layer   : reparent to null sequence=211319, seq[24], name=Surface(name=ActivityRecord{53aca87 u0 it.omarkiarafederico.skitracker/.view.skimap.MapActivity})/@0x535784d - animation-leash of app_transition#211319
05-30 22:40:55.178  1488  1488 D OplusLayer: ~Layer() sequence=211301, name=447abf7 Splash Screen it.omarkiarafederico.skitracker#211301
05-30 22:40:55.178  1488  1488 D OplusLayer: ~Layer() sequence=211322, name=Surface(name=ActivityRecord{2cd72a u0 it.omarkiarafederico.skitracker/.view.skimap.MapActivity})/@0x7c3c250 - animation-bounds#211322
05-30 22:40:55.179  1488  1488 D OplusLayer: ~Layer() sequence=211321, name=Surface(name=ActivityRecord{2cd72a u0 it.omarkiarafederico.skitracker/.view.skimap.MapActivity})/@0x7c3c250 - animation-leash of app_transition#211321
05-30 22:40:55.179  1488  1488 D OplusLayer: ~Layer() sequence=211320, name=Surface(name=ActivityRecord{53aca87 u0 it.omarkiarafederico.skitracker/.view.skimap.MapActivity})/@0x535784d - animation-bounds#211320
05-30 22:40:55.179  1488  1488 D OplusLayer: ~Layer() sequence=211319, name=Surface(name=ActivityRecord{53aca87 u0 it.omarkiarafederico.skitracker/.view.skimap.MapActivity})/@0x535784d - animation-leash of app_transition#211319
05-30 22:40:55.180  1488  1488 D OplusLayer: ~Layer() sequence=211302, name=Splash Screen it.omarkiarafederico.skitracker#211302
05-30 22:40:55.180  1488  1488 I DispPerfService: updateLayerMask 0
05-30 22:40:55.242  4777 24556 D OplusAtlasService: getAttributeByAppName module:oplus-getStreamMaxVolume packageName:com.google.android.youtube
05-30 22:40:55.243 21654 21654 D AudioManagerExtImpl: getStreamVolume normal, volume index=16
05-30 22:40:55.272  4777 24556 D OplusAtlasService: getAttributeByAppName module:oplus-getStreamMaxVolume packageName:com.google.android.youtube
05-30 22:40:55.272 21654 21654 D AudioManagerExtImpl: getStreamVolume normal, volume index=16
05-30 22:40:55.422  8818  8862 I SkiTracker API Call w/XML: URL richiesta API: https://overpass-api.de/api/interpreter
05-30 22:40:55.423  8818  8862 D TrafficStats: tagSocket(179) with statsTag=0xffffffff, statsUid=-1
05-30 22:40:55.439  4808  4822 E horae   : 0: back:32651,frame:33032,front:33347, 3, +(6414), 1 ,32000,35909,38068,39761,35926
05-30 22:40:55.444  4777 24556 D OplusAtlasService: getAttributeByAppName module:oplus-getStreamMaxVolume packageName:com.google.android.youtube
05-30 22:40:55.445 21654 21654 D AudioManagerExtImpl: getStreamVolume normal, volume index=16
05-30 22:40:55.463  6503  7369 E Battery : AppStats: Uid = 10357; pkgName = com.microsoft.teams; CpuTime = 4833 ms; CpuTotalTime = 10618 ms
05-30 22:40:55.463  6503  7369 E Battery : AppStats: Uid = 10357; pkgName = com.microsoft.teams; CpuKernelTime = 1621 ms; CpuTotalKernelTime = 3729 ms
05-30 22:40:55.463  6503  7369 E Battery : AppStats: Uid = 10357; pkgName = com.microsoft.teams; CpuUserTime = 3212 ms; CpuTotalUserTime = 6889 ms
05-30 22:40:55.463  6503  7369 E Battery : AppStats: Uid = 10357; pkgName = com.microsoft.teams; CpuPower = 0.2598565277777778 mAh.; CpuTotalPower = 0.6144818055555556 mAh.
05-30 22:40:55.463  6503  7369 E Battery : AppStats: Uid = 10357; pkgName = com.microsoft.teams; AlarmWakeupCount = 0; AlarmTotalWakeupCount = 0
05-30 22:40:55.464  6503  7369 E Battery : AppStats: Uid = 10357; pkgName = com.microsoft.teams; JobCount = 3; JobTime = 794; JobTotalCount = 2; JobTotalTime = 709
05-30 22:40:55.464  6503  7369 E Battery : AppStats: Uid = 10357; pkgName = com.microsoft.teams; SyncCount = 0; SyncTime = 0; SyncTotalCount = 0; SyncTotalTime = 0
05-30 22:40:55.464  6503  7369 E Battery : AppStats: Uid = 10357; pkgName = com.microsoft.teams; WakeLockTime = 792 ms; WakeLockPower = 0.0 mAh.; WakeLockTotalTime = 694 ms; WakeLockTotalPower = 0.0012530555555555556 mAh.
05-30 22:40:55.464  6503  7369 E Battery : AppStats: Uid = 10357; pkgName = com.microsoft.teams; WifiRxBytes = 164777499 Bytes; WifiTxBytes = 9564928 Bytes; WifiRxPackets = 171987 ; WifiTxPackets = 154869 ; WiFiScanTimeMs = 0 ; WiFiBatchScanTimeMs = 0
05-30 22:40:55.464  6503  7369 E Battery : AppStats: Uid = 10357; pkgName = com.microsoft.teams; WifiRxPacketsPower = 1.065363883972168 mAh; WifiTxPacketsPower = 0.9593273997306824 mAh; WifiScanPower = 0.0 mAh; WifiBatchScanPower = 0.0 mAh; WiFiTotalPower = 2.024691343307495 mAh
05-30 22:40:55.464  6503  7369 E Battery : AppStats: Uid = 10357; pkgName = com.microsoft.teams; MobileRxBytes = 1261718957 Bytes; MobileTxBytes = 64529895 Bytes; MobileRxPackets = 1994987 ; MobileTxPackets = 241723 ; MobileActiveCount = 20 ; MobileActiveTime = 5971 ; MobileTotalRxBytes = 1261824535 Bytes; MobileTotalTxBytes = 64556494 Bytes; MobileTotalRxPackets = 1995145 ; MobileTotalTxPackets = 241858 ; MobileTotalActiveCount = 48 ; MobileTotalActiveTime = 13197
05-30 22:40:55.464  6503  7369 E Battery : AppStats: Uid = 10357; pkgName = com.microsoft.teams; MobileRxPacketsPower = 2.4148701898271603 mAh; MobileTxPacketsPower = 0.2925982309135802 mAh; MobileTotalPower = 2.7074684207407405 mAh; MobileTotalRxPacketsPower = 2.4150614439506164 mAh; MobileTotalTxPacketsPower = 0.2927616442469136 mAh; MobileTotalTotalPower = 2.70782308819753 mAh
05-30 22:40:55.464  6503  7369 E Battery : AppStats: Uid = 10357; pkgName = com.microsoft.teams; GpsTime = 0 ms; GpsTotalTime = 0 ms
05-30 22:40:55.464  6503  7369 E Battery : AppStats: Uid = 10357; pkgName = com.microsoft.teams; GpsPower = 0.0 mAh; GpsTotalPower = 0.0 mAh
05-30 22:40:55.464  6503  7369 E Battery : AppStats: Uid = 10357; pkgName = com.microsoft.teams; SensorTime = 0 ms; SensorTotalTime = 0 ms
05-30 22:40:55.464  6503  7369 E Battery : AppStats: Uid = 10357; pkgName = com.microsoft.teams; SensorPower = 0.0 mAh; SensorTotalPower = 0.0 mAh
05-30 22:40:55.464  6503  7369 E Battery : AppStats: Uid = 10357; pkgName = com.microsoft.teams; CameraTime = 0 ms; CameraTotalTime = 0 ms
05-30 22:40:55.464  6503  7369 E Battery : AppStats: Uid = 10357; pkgName = com.microsoft.teams; CameraPower = 0.0 mAh; CameraTotalPower = 0.0 ms
05-30 22:40:55.464  6503  7369 E Battery : AppStats: Uid = 10357; pkgName = com.microsoft.teams; FlashLightTime = 0 ms; FlashLightTotalTime = 0 ms
05-30 22:40:55.464  6503  7369 E Battery : AppStats: Uid = 10357; pkgName = com.microsoft.teams; FlashLightPower = 0.0 mAh; FlashLightTotalPower = 0.0 mAh
05-30 22:40:55.469  6503  7369 E Battery : AppStats: Uid = 10296; pkgName = com.puzio.fantamaster; CpuTime = 42782 ms; CpuTotalTime = 42452 ms
05-30 22:40:55.469  6503  7369 E Battery : AppStats: Uid = 10296; pkgName = com.puzio.fantamaster; CpuKernelTime = 13462 ms; CpuTotalKernelTime = 16871 ms
05-30 22:40:55.469  6503  7369 E Battery : AppStats: Uid = 10296; pkgName = com.puzio.fantamaster; CpuUserTime = 29320 ms; CpuTotalUserTime = 25581 ms
05-30 22:40:55.469  6503  7369 E Battery : AppStats: Uid = 10296; pkgName = com.puzio.fantamaster; CpuPower = 2.02981625 mAh.; CpuTotalPower = 2.29287597222222 mAh.
05-30 22:40:55.469  6503  7369 E Battery : AppStats: Uid = 10296; pkgName = com.puzio.fantamaster; AlarmWakeupCount = 0; AlarmTotalWakeupCount = 0
05-30 22:40:55.469  6503  7369 E Battery : AppStats: Uid = 10296; pkgName = com.puzio.fantamaster; JobCount = 0; JobTime = 0; JobTotalCount = 0; JobTotalTime = 0
05-30 22:40:55.469  6503  7369 E Battery : AppStats: Uid = 10296; pkgName = com.puzio.fantamaster; SyncCount = 0; SyncTime = 0; SyncTotalCount = 0; SyncTotalTime = 0
05-30 22:40:55.469  6503  7369 E Battery : AppStats: Uid = 10296; pkgName = com.puzio.fantamaster; WakeLockTime = 1678 ms; WakeLockPower = 0.0 mAh.; WakeLockTotalTime = 3292 ms; WakeLockTotalPower = 0.005943888888888889 mAh.
05-30 22:40:55.469  6503  7369 E Battery : AppStats: Uid = 10296; pkgName = com.puzio.fantamaster; WifiRxBytes = 164777499 Bytes; WifiTxBytes = 9564928 Bytes; WifiRxPackets = 171987 ; WifiTxPackets = 154869 ; WiFiScanTimeMs = 0 ; WiFiBatchScanTimeMs = 0
05-30 22:40:55.469  6503  7369 E Battery : AppStats: Uid = 10296; pkgName = com.puzio.fantamaster; WifiRxPacketsPower = 1.065363883972168 mAh; WifiTxPacketsPower = 0.9593273997306824 mAh; WifiScanPower = 0.0 mAh; WifiBatchScanPower = 0.0 mAh; WiFiTotalPower = 2.024691343307495 mAh
05-30 22:40:55.469  6503  7369 E Battery : AppStats: Uid = 10296; pkgName = com.puzio.fantamaster; MobileRxBytes = 1430413095 Bytes; MobileTxBytes = 259856490 Bytes; MobileRxPackets = 1644865 ; MobileTxPackets = 1275779 ; MobileActiveCount = 63 ; MobileActiveTime = 118080 ; MobileTotalRxBytes = 1660809 Bytes; MobileTotalTxBytes = 219123 Bytes; MobileTotalRxPackets = 1897 ; MobileTotalTxPackets = 1768 ; MobileTotalActiveCount = 93 ; MobileTotalActiveTime = 177995
05-30 22:40:55.469  6503  7369 E Battery : AppStats: Uid = 10296; pkgName = com.puzio.fantamaster; MobileRxPacketsPower = 1.9910583150617283 mAh; MobileTxPacketsPower = 1.5442911036049383 mAh; MobileTotalPower = 3.5353494186666667 mAh; MobileTotalRxPacketsPower = 0.0022962599506171077 mAh; MobileTotalTxPacketsPower = 0.0021401094320985248 mAh; MobileTotalTotalPower = 0.0044363693827151884 mAh
05-30 22:40:55.469  6503  7369 E Battery : AppStats: Uid = 10296; pkgName = com.puzio.fantamaster; GpsTime = 0 ms; GpsTotalTime = 0 ms
05-30 22:40:55.469  6503  7369 E Battery : AppStats: Uid = 10296; pkgName = com.puzio.fantamaster; GpsPower = 0.0 mAh; GpsTotalPower = 0.0 mAh
05-30 22:40:55.469  6503  7369 E Battery : AppStats: Uid = 10296; pkgName = com.puzio.fantamaster; SensorTime = 0 ms; SensorTotalTime = 0 ms
05-30 22:40:55.469  6503  7369 E Battery : AppStats: Uid = 10296; pkgName = com.puzio.fantamaster; SensorPower = 0.0 mAh; SensorTotalPower = 0.0 mAh
05-30 22:40:55.469  6503  7369 E Battery : AppStats: Uid = 10296; pkgName = com.puzio.fantamaster; CameraTime = 0 ms; CameraTotalTime = 0 ms
05-30 22:40:55.469  6503  7369 E Battery : AppStats: Uid = 10296; pkgName = com.puzio.fantamaster; CameraPower = 0.0 mAh; CameraTotalPower = 0.0 ms
05-30 22:40:55.469  6503  7369 E Battery : AppStats: Uid = 10296; pkgName = com.puzio.fantamaster; FlashLightTime = 0 ms; FlashLightTotalTime = 0 ms
05-30 22:40:55.469  6503  7369 E Battery : AppStats: Uid = 10296; pkgName = com.puzio.fantamaster; FlashLightPower = 0.0 mAh; FlashLightTotalPower = 0.0 mAh
05-30 22:40:55.473  4777 24556 D OplusAtlasService: getAttributeByAppName module:oplus-getStreamMaxVolume packageName:com.google.android.youtube
05-30 22:40:55.473 21654 21654 D AudioManagerExtImpl: getStreamVolume normal, volume index=16
05-30 22:40:55.475  6503  7369 E Battery : AppStats: Uid = 10359; pkgName = com.instagram.android; CpuTime = 2392820 ms; CpuTotalTime = 1562010 ms
05-30 22:40:55.475  6503  7369 E Battery : AppStats: Uid = 10359; pkgName = com.instagram.android; CpuKernelTime = 615288 ms; CpuTotalKernelTime = 585988 ms
05-30 22:40:55.475  6503  7369 E Battery : AppStats: Uid = 10359; pkgName = com.instagram.android; CpuUserTime = 1777532 ms; CpuTotalUserTime = 976022 ms
05-30 22:40:55.475  6503  7369 E Battery : AppStats: Uid = 10359; pkgName = com.instagram.android; CpuPower = 85.34538271277778 mAh.; CpuTotalPower = 53.61424810305561 mAh.
05-30 22:40:55.475  6503  7369 E Battery : AppStats: Uid = 10359; pkgName = com.instagram.android; AlarmWakeupCount = 1; AlarmTotalWakeupCount = 0
05-30 22:40:55.475  6503  7369 E Battery : AppStats: Uid = 10359; pkgName = com.instagram.android; JobCount = 47; JobTime = 7414101; JobTotalCount = 66; JobTotalTime = 9800612
05-30 22:40:55.475  6503  7369 E Battery : AppStats: Uid = 10359; pkgName = com.instagram.android; SyncCount = 0; SyncTime = 0; SyncTotalCount = 0; SyncTotalTime = 0
05-30 22:40:55.475  6503  7369 E Battery : AppStats: Uid = 10359; pkgName = com.instagram.android; WakeLockTime = 2258862 ms; WakeLockPower = 0.0 mAh.; WakeLockTotalTime = 4990478 ms; WakeLockTotalPower = 9.010585277777778 mAh.
05-30 22:40:55.475  6503  7369 E Battery : AppStats: Uid = 10359; pkgName = com.instagram.android; WifiRxBytes = 164777499 Bytes; WifiTxBytes = 9564928 Bytes; WifiRxPackets = 171987 ; WifiTxPackets = 154869 ; WiFiScanTimeMs = 6574 ; WiFiBatchScanTimeMs = 0
05-30 22:40:55.475  6503  7369 E Battery : AppStats: Uid = 10359; pkgName = com.instagram.android; WifiRxPacketsPower = 1.065363883972168 mAh; WifiTxPacketsPower = 0.9593273997306824 mAh; WifiScanPower = 0.21913333333333335 mAh; WifiBatchScanPower = 0.0 mAh; WiFiTotalPower = 2.2438246766408283 mAh
05-30 22:40:55.475  6503  7369 E Battery : AppStats: Uid = 10359; pkgName = com.instagram.android; MobileRxBytes = 71052852413 Bytes; MobileTxBytes = 2221884556 Bytes; MobileRxPackets = 59246869 ; MobileTxPackets = 9308414 ; MobileActiveCount = 424 ; MobileActiveTime = 3264903 ; MobileTotalRxBytes = 200405689 Bytes; MobileTotalTxBytes = 7193823 Bytes; MobileTotalRxPackets = 168970 ; MobileTotalTxPackets = 30737 ; MobileTotalActiveCount = 617 ; MobileTotalActiveTime = 4147294
05-30 22:40:55.475  6503  7369 E Battery : AppStats: Uid = 10359; pkgName = com.instagram.android; MobileRxPacketsPower = 71.71650631743209 mAh; MobileTxPacketsPower = 11.267547850271605 mAh; MobileTotalPower = 82.9840541677037 mAh; MobileTotalRxPacketsPower = 0.20453296987653857 mAh; MobileTotalTxPacketsPower = 0.037206189827156066 mAh; MobileTotalTotalPower = 0.24173915970366977 mAh
05-30 22:40:55.475  6503  7369 E Battery : AppStats: Uid = 10359; pkgName = com.instagram.android; GpsTime = 0 ms; GpsTotalTime = 0 ms
05-30 22:40:55.475  6503  7369 E Battery : AppStats: Uid = 10359; pkgName = com.instagram.android; GpsPower = 0.0 mAh; GpsTotalPower = 0.0 mAh
05-30 22:40:55.475  6503  7369 E Battery : AppStats: Uid = 10359; pkgName = com.instagram.android; SensorTime = 857441 ms; SensorTotalTime = 160427 ms
05-30 22:40:55.475  6503  7369 E Battery : AppStats: Uid = 10359; pkgName = com.instagram.android; SensorPower = 0.33702194690704346 mAh; SensorTotalPower = 0.06305664707906544 mAh
05-30 22:40:55.475  6503  7369 E Battery : AppStats: Uid = 10359; pkgName = com.instagram.android; CameraTime = 0 ms; CameraTotalTime = 0 ms
05-30 22:40:55.475  6503  7369 E Battery : AppStats: Uid = 10359; pkgName = com.instagram.android; CameraPower = 0.0 mAh; CameraTotalPower = 0.0 ms
05-30 22:40:55.475  6503  7369 E Battery : AppStats: Uid = 10359; pkgName = com.instagram.android; FlashLightTime = 0 ms; FlashLightTotalTime = 0 ms
05-30 22:40:55.475  6503  7369 E Battery : AppStats: Uid = 10359; pkgName = com.instagram.android; FlashLightPower = 0.0 mAh; FlashLightTotalPower = 0.0 mAh
05-30 22:40:55.480  6503  7369 E Battery : AppStats: Uid = 10266; pkgName = com.linkedin.android; CpuTime = 6438 ms; CpuTotalTime = 9111 ms
05-30 22:40:55.480  6503  7369 E Battery : AppStats: Uid = 10266; pkgName = com.linkedin.android; CpuKernelTime = 2196 ms; CpuTotalKernelTime = 3954 ms
05-30 22:40:55.480  6503  7369 E Battery : AppStats: Uid = 10266; pkgName = com.linkedin.android; CpuUserTime = 4242 ms; CpuTotalUserTime = 5157 ms
05-30 22:40:55.480  6503  7369 E Battery : AppStats: Uid = 10266; pkgName = com.linkedin.android; CpuPower = 0.3377613888888889 mAh.; CpuTotalPower = 0.47952805555555494 mAh.
05-30 22:40:55.480  6503  7369 E Battery : AppStats: Uid = 10266; pkgName = com.linkedin.android; AlarmWakeupCount = 0; AlarmTotalWakeupCount = 0
05-30 22:40:55.480  6503  7369 E Battery : AppStats: Uid = 10266; pkgName = com.linkedin.android; JobCount = 21; JobTime = 4340; JobTotalCount = 30; JobTotalTime = 5239
05-30 22:40:55.480  6503  7369 E Battery : AppStats: Uid = 10266; pkgName = com.linkedin.android; SyncCount = 0; SyncTime = 0; SyncTotalCount = 0; SyncTotalTime = 0
05-30 22:40:55.480  6503  7369 E Battery : AppStats: Uid = 10266; pkgName = com.linkedin.android; WakeLockTime = 114 ms; WakeLockPower = 0.0 mAh.; WakeLockTotalTime = 2114 ms; WakeLockTotalPower = 0.0038169444444444444 mAh.
05-30 22:40:55.480  6503  7369 E Battery : AppStats: Uid = 10266; pkgName = com.linkedin.android; WifiRxBytes = 164777499 Bytes; WifiTxBytes = 9564928 Bytes; WifiRxPackets = 171987 ; WifiTxPackets = 154869 ; WiFiScanTimeMs = 0 ; WiFiBatchScanTimeMs = 0
05-30 22:40:55.480  6503  7369 E Battery : AppStats: Uid = 10266; pkgName = com.linkedin.android; WifiRxPacketsPower = 1.065363883972168 mAh; WifiTxPacketsPower = 0.9593273997306824 mAh; WifiScanPower = 0.0 mAh; WifiBatchScanPower = 0.0 mAh; WiFiTotalPower = 2.024691343307495 mAh
05-30 22:40:55.480  6503  7369 E Battery : AppStats: Uid = 10266; pkgName = com.linkedin.android; MobileRxBytes = 72759422 Bytes; MobileTxBytes = 36523360 Bytes; MobileRxPackets = 197640 ; MobileTxPackets = 193143 ; MobileActiveCount = 58 ; MobileActiveTime = 127702 ; MobileTotalRxBytes = 501460 Bytes; MobileTotalTxBytes = 272585 Bytes; MobileTotalRxPackets = 1418 ; MobileTotalTxPackets = 1364 ; MobileTotalActiveCount = 87 ; MobileTotalActiveTime = 231861
05-30 22:40:55.480  6503  7369 E Battery : AppStats: Uid = 10266; pkgName = com.linkedin.android; MobileRxPacketsPower = 0.23923712 mAh; MobileTxPacketsPower = 0.2337936402962963 mAh; MobileTotalPower = 0.4730307602962963 mAh; MobileTotalRxPacketsPower = 0.0017164452345680148 mAh; MobileTotalTxPacketsPower = 0.0016510799012346145 mAh; MobileTotalTotalPower = 0.0033675251358026848 mAh
05-30 22:40:55.480  6503  7369 E Battery : AppStats: Uid = 10266; pkgName = com.linkedin.android; GpsTime = 0 ms; GpsTotalTime = 0 ms
05-30 22:40:55.480  6503  7369 E Battery : AppStats: Uid = 10266; pkgName = com.linkedin.android; GpsPower = 0.0 mAh; GpsTotalPower = 0.0 mAh
05-30 22:40:55.480  6503  7369 E Battery : AppStats: Uid = 10266; pkgName = com.linkedin.android; SensorTime = 0 ms; SensorTotalTime = 0 ms
05-30 22:40:55.480  6503  7369 E Battery : AppStats: Uid = 10266; pkgName = com.linkedin.android; SensorPower = 0.0 mAh; SensorTotalPower = 0.0 mAh
05-30 22:40:55.480  6503  7369 E Battery : AppStats: Uid = 10266; pkgName = com.linkedin.android; CameraTime = 0 ms; CameraTotalTime = 0 ms
05-30 22:40:55.480  6503  7369 E Battery : AppStats: Uid = 10266; pkgName = com.linkedin.android; CameraPower = 0.0 mAh; CameraTotalPower = 0.0 ms
05-30 22:40:55.480  6503  7369 E Battery : AppStats: Uid = 10266; pkgName = com.linkedin.android; FlashLightTime = 0 ms; FlashLightTotalTime = 0 ms
05-30 22:40:55.480  6503  7369 E Battery : AppStats: Uid = 10266; pkgName = com.linkedin.android; FlashLightPower = 0.0 mAh; FlashLightTotalPower = 0.0 mAh
05-30 22:40:55.484  6503  7369 E Battery : AppStats: Uid = 10293; pkgName = com.mobilefootie.wc2010; CpuTime = 2622 ms; CpuTotalTime = 61882 ms
05-30 22:40:55.484  6503  7369 E Battery : AppStats: Uid = 10293; pkgName = com.mobilefootie.wc2010; CpuKernelTime = 905 ms; CpuTotalKernelTime = 13791 ms
05-30 22:40:55.484  6503  7369 E Battery : AppStats: Uid = 10293; pkgName = com.mobilefootie.wc2010; CpuUserTime = 1717 ms; CpuTotalUserTime = 48091 ms
05-30 22:40:55.484  6503  7369 E Battery : AppStats: Uid = 10293; pkgName = com.mobilefootie.wc2010; CpuPower = 0.1544775 mAh.; CpuTotalPower = 2.8204797222222218 mAh.
05-30 22:40:55.484  6503  7369 E Battery : AppStats: Uid = 10293; pkgName = com.mobilefootie.wc2010; AlarmWakeupCount = 0; AlarmTotalWakeupCount = 0
05-30 22:40:55.484  6503  7369 E Battery : AppStats: Uid = 10293; pkgName = com.mobilefootie.wc2010; JobCount = 2; JobTime = 680; JobTotalCount = 5; JobTotalTime = 2416
05-30 22:40:55.484  6503  7369 E Battery : AppStats: Uid = 10293; pkgName = com.mobilefootie.wc2010; SyncCount = 0; SyncTime = 0; SyncTotalCount = 0; SyncTotalTime = 0
05-30 22:40:55.484  6503  7369 E Battery : AppStats: Uid = 10293; pkgName = com.mobilefootie.wc2010; WakeLockTime = 0 ms; WakeLockPower = 0.0 mAh.; WakeLockTotalTime = 216 ms; WakeLockTotalPower = 3.9E-4 mAh.
05-30 22:40:55.484  6503  7369 E Battery : AppStats: Uid = 10293; pkgName = com.mobilefootie.wc2010; WifiRxBytes = 164777499 Bytes; WifiTxBytes = 9564928 Bytes; WifiRxPackets = 171987 ; WifiTxPackets = 154869 ; WiFiScanTimeMs = 0 ; WiFiBatchScanTimeMs = 0
05-30 22:40:55.484  6503  7369 E Battery : AppStats: Uid = 10293; pkgName = com.mobilefootie.wc2010; WifiRxPacketsPower = 1.065363883972168 mAh; WifiTxPacketsPower = 0.9593273997306824 mAh; WifiScanPower = 0.0 mAh; WifiBatchScanPower = 0.0 mAh; WiFiTotalPower = 2.024691343307495 mAh
05-30 22:40:55.485  6503  7369 E Battery : AppStats: Uid = 10293; pkgName = com.mobilefootie.wc2010; MobileRxBytes = 1323954167 Bytes; MobileTxBytes = 194142949 Bytes; MobileRxPackets = 1493900 ; MobileTxPackets = 1079316 ; MobileActiveCount = 14 ; MobileActiveTime = 29930 ; MobileTotalRxBytes = 2077195 Bytes; MobileTotalTxBytes = 286285 Bytes; MobileTotalRxPackets = 2268 ; MobileTotalTxPackets = 1815 ; MobileTotalActiveCount = 26 ; MobileTotalActiveTime = 57896
05-30 22:40:55.485  6503  7369 E Battery : AppStats: Uid = 10293; pkgName = com.mobilefootie.wc2010; MobileRxPacketsPower = 1.8083198419753086 mAh; MobileTxPacketsPower = 1.3064787057777778 mAh; MobileTotalPower = 3.1147985477530864 mAh; MobileTotalRxPacketsPower = 0.0027453439999993723 mAh; MobileTotalTxPacketsPower = 0.0021970014814807204 mAh; MobileTotalTotalPower = 0.004942345481481425 mAh
05-30 22:40:55.485  6503  7369 E Battery : AppStats: Uid = 10293; pkgName = com.mobilefootie.wc2010; GpsTime = 0 ms; GpsTotalTime = 0 ms
05-30 22:40:55.485  6503  7369 E Battery : AppStats: Uid = 10293; pkgName = com.mobilefootie.wc2010; GpsPower = 0.0 mAh; GpsTotalPower = 0.0 mAh
05-30 22:40:55.485  6503  7369 E Battery : AppStats: Uid = 10293; pkgName = com.mobilefootie.wc2010; SensorTime = 0 ms; SensorTotalTime = 0 ms
05-30 22:40:55.485  6503  7369 E Battery : AppStats: Uid = 10293; pkgName = com.mobilefootie.wc2010; SensorPower = 0.0 mAh; SensorTotalPower = 0.0 mAh
05-30 22:40:55.485  6503  7369 E Battery : AppStats: Uid = 10293; pkgName = com.mobilefootie.wc2010; CameraTime = 0 ms; CameraTotalTime = 0 ms
05-30 22:40:55.485  6503  7369 E Battery : AppStats: Uid = 10293; pkgName = com.mobilefootie.wc2010; CameraPower = 0.0 mAh; CameraTotalPower = 0.0 ms
05-30 22:40:55.485  6503  7369 E Battery : AppStats: Uid = 10293; pkgName = com.mobilefootie.wc2010; FlashLightTime = 0 ms; FlashLightTotalTime = 0 ms
05-30 22:40:55.485  6503  7369 E Battery : AppStats: Uid = 10293; pkgName = com.mobilefootie.wc2010; FlashLightPower = 0.0 mAh; FlashLightTotalPower = 0.0 mAh
05-30 22:40:55.489  6503  7369 E Battery : AppStats: Uid = 10294; pkgName = org.telegram.messenger; CpuTime = 110765 ms; CpuTotalTime = 14974 ms
05-30 22:40:55.489  6503  7369 E Battery : AppStats: Uid = 10294; pkgName = org.telegram.messenger; CpuKernelTime = 19287 ms; CpuTotalKernelTime = 5136 ms
05-30 22:40:55.489  6503  7369 E Battery : AppStats: Uid = 10294; pkgName = org.telegram.messenger; CpuUserTime = 91478 ms; CpuTotalUserTime = 9838 ms
05-30 22:40:55.489  6503  7369 E Battery : AppStats: Uid = 10294; pkgName = org.telegram.messenger; CpuPower = 4.79210526 mAh.; CpuTotalPower = 0.7315262322222209 mAh.
05-30 22:40:55.489  6503  7369 E Battery : AppStats: Uid = 10294; pkgName = org.telegram.messenger; AlarmWakeupCount = 0; AlarmTotalWakeupCount = 0
05-30 22:40:55.489  6503  7369 E Battery : AppStats: Uid = 10294; pkgName = org.telegram.messenger; JobCount = 3; JobTime = 120286; JobTotalCount = 5; JobTotalTime = 83009
05-30 22:40:55.489  6503  7369 E Battery : AppStats: Uid = 10294; pkgName = org.telegram.messenger; SyncCount = 0; SyncTime = 0; SyncTotalCount = 0; SyncTotalTime = 0
05-30 22:40:55.489  6503  7369 E Battery : AppStats: Uid = 10294; pkgName = org.telegram.messenger; WakeLockTime = 22143 ms; WakeLockPower = 0.0 mAh.; WakeLockTotalTime = 46468 ms; WakeLockTotalPower = 0.08390055555555556 mAh.
05-30 22:40:55.489  6503  7369 E Battery : AppStats: Uid = 10294; pkgName = org.telegram.messenger; WifiRxBytes = 164777499 Bytes; WifiTxBytes = 9564928 Bytes; WifiRxPackets = 171987 ; WifiTxPackets = 154869 ; WiFiScanTimeMs = 0 ; WiFiBatchScanTimeMs = 0
05-30 22:40:55.489  6503  7369 E Battery : AppStats: Uid = 10294; pkgName = org.telegram.messenger; WifiRxPacketsPower = 1.065363883972168 mAh; WifiTxPacketsPower = 0.9593273997306824 mAh; WifiScanPower = 0.0 mAh; WifiBatchScanPower = 0.0 mAh; WiFiTotalPower = 2.024691343307495 mAh
05-30 22:40:55.489  6503  7369 E Battery : AppStats: Uid = 10294; pkgName = org.telegram.messenger; MobileRxBytes = 8483483923 Bytes; MobileTxBytes = 4651148089 Bytes; MobileRxPackets = 8126601 ; MobileTxPackets = 4574648 ; MobileActiveCount = 63 ; MobileActiveTime = 354645 ; MobileTotalRxBytes = 8481124982 Bytes; MobileTotalTxBytes = 4650852356 Bytes; MobileTotalRxPackets = 8124386 ; MobileTotalTxPackets = 4573592 ; MobileTotalActiveCount = 72 ; MobileTotalActiveTime = 222959
05-30 22:40:55.489  6503  7369 E Battery : AppStats: Uid = 10294; pkgName = org.telegram.messenger; MobileRxPacketsPower = 9.836999689481482 mAh; MobileTxPacketsPower = 5.537470211160493 mAh; MobileTotalPower = 15.374469900641976 mAh; MobileTotalRxPacketsPower = 9.83431850034568 mAh; MobileTotalTxPacketsPower = 5.536191955753085 mAh; MobileTotalTotalPower = 15.37051045609876 mAh
05-30 22:40:55.489  6503  7369 E Battery : AppStats: Uid = 10294; pkgName = org.telegram.messenger; GpsTime = 0 ms; GpsTotalTime = 0 ms
05-30 22:40:55.489  6503  7369 E Battery : AppStats: Uid = 10294; pkgName = org.telegram.messenger; GpsPower = 0.0 mAh; GpsTotalPower = 0.0 mAh
05-30 22:40:55.489  6503  7369 E Battery : AppStats: Uid = 10294; pkgName = org.telegram.messenger; SensorTime = 1018554 ms; SensorTotalTime = 0 ms
05-30 22:40:55.489  6503  7369 E Battery : AppStats: Uid = 10294; pkgName = org.telegram.messenger; SensorPower = 0.1127479849383235 mAh; SensorTotalPower = 0.0 mAh
05-30 22:40:55.489  6503  7369 E Battery : AppStats: Uid = 10294; pkgName = org.telegram.messenger; CameraTime = 55361 ms; CameraTotalTime = 0 ms
05-30 22:40:55.489  6503  7369 E Battery : AppStats: Uid = 10294; pkgName = org.telegram.messenger; CameraPower = 8.181125555555555 mAh; CameraTotalPower = 0.0 ms
05-30 22:40:55.489  6503  7369 E Battery : AppStats: Uid = 10294; pkgName = org.telegram.messenger; FlashLightTime = 0 ms; FlashLightTotalTime = 0 ms
05-30 22:40:55.489  6503  7369 E Battery : AppStats: Uid = 10294; pkgName = org.telegram.messenger; FlashLightPower = 0.0 mAh; FlashLightTotalPower = 0.0 mAh
05-30 22:40:55.494  6503  7369 E Battery : AppStats: Uid = 10355; pkgName = com.microsoft.office.outlook; CpuTime = 19049 ms; CpuTotalTime = 41520 ms
05-30 22:40:55.494  6503  7369 E Battery : AppStats: Uid = 10355; pkgName = com.microsoft.office.outlook; CpuKernelTime = 4333 ms; CpuTotalKernelTime = 11076 ms
05-30 22:40:55.494  6503  7369 E Battery : AppStats: Uid = 10355; pkgName = com.microsoft.office.outlook; CpuUserTime = 14716 ms; CpuTotalUserTime = 30444 ms
05-30 22:40:55.494  6503  7369 E Battery : AppStats: Uid = 10355; pkgName = com.microsoft.office.outlook; CpuPower = 0.6980905555555555 mAh.; CpuTotalPower = 1.7512694444444434 mAh.
05-30 22:40:55.494  6503  7369 E Battery : AppStats: Uid = 10355; pkgName = com.microsoft.office.outlook; AlarmWakeupCount = 0; AlarmTotalWakeupCount = 0
05-30 22:40:55.494  6503  7369 E Battery : AppStats: Uid = 10355; pkgName = com.microsoft.office.outlook; JobCount = 5; JobTime = 4275; JobTotalCount = 13; JobTotalTime = 16608
05-30 22:40:55.494  6503  7369 E Battery : AppStats: Uid = 10355; pkgName = com.microsoft.office.outlook; SyncCount = 0; SyncTime = 0; SyncTotalCount = 0; SyncTotalTime = 0
05-30 22:40:55.494  6503  7369 E Battery : AppStats: Uid = 10355; pkgName = com.microsoft.office.outlook; WakeLockTime = 3946 ms; WakeLockPower = 0.0 mAh.; WakeLockTotalTime = 12309 ms; WakeLockTotalPower = 0.022224583333333332 mAh.
05-30 22:40:55.494  6503  7369 E Battery : AppStats: Uid = 10355; pkgName = com.microsoft.office.outlook; WifiRxBytes = 164777499 Bytes; WifiTxBytes = 9564928 Bytes; WifiRxPackets = 171987 ; WifiTxPackets = 154869 ; WiFiScanTimeMs = 0 ; WiFiBatchScanTimeMs = 0
05-30 22:40:55.494  6503  7369 E Battery : AppStats: Uid = 10355; pkgName = com.microsoft.office.outlook; WifiRxPacketsPower = 1.065363883972168 mAh; WifiTxPacketsPower = 0.9593273997306824 mAh; WifiScanPower = 0.0 mAh; WifiBatchScanPower = 0.0 mAh; WiFiTotalPower = 2.024691343307495 mAh
05-30 22:40:55.494  6503  7369 E Battery : AppStats: Uid = 10355; pkgName = com.microsoft.office.outlook; MobileRxBytes = 385858423 Bytes; MobileTxBytes = 106142769 Bytes; MobileRxPackets = 501765 ; MobileTxPackets = 360724 ; MobileActiveCount = 4 ; MobileActiveTime = 24424 ; MobileTotalRxBytes = 2481208 Bytes; MobileTotalTxBytes = 621463 Bytes; MobileTotalRxPackets = 3115 ; MobileTotalTxPackets = 2133 ; MobileTotalActiveCount = 32 ; MobileTotalActiveTime = 62543
05-30 22:40:55.494  6503  7369 E Battery : AppStats: Uid = 10355; pkgName = com.microsoft.office.outlook; MobileRxPacketsPower = 0.607371045925926 mAh; MobileTxPacketsPower = 0.43664526854320984 mAh; MobileTotalPower = 1.0440163144691357 mAh; MobileTotalRxPacketsPower = 0.0037706113580245892 mAh; MobileTotalTxPacketsPower = 0.002581930666666399 mAh; MobileTotalTotalPower = 0.00635254202469171 mAh
05-30 22:40:55.494  6503  7369 E Battery : AppStats: Uid = 10355; pkgName = com.microsoft.office.outlook; GpsTime = 0 ms; GpsTotalTime = 0 ms
05-30 22:40:55.494  6503  7369 E Battery : AppStats: Uid = 10355; pkgName = com.microsoft.office.outlook; GpsPower = 0.0 mAh; GpsTotalPower = 0.0 mAh
05-30 22:40:55.494  6503  7369 E Battery : AppStats: Uid = 10355; pkgName = com.microsoft.office.outlook; SensorTime = 0 ms; SensorTotalTime = 0 ms
05-30 22:40:55.494  6503  7369 E Battery : AppStats: Uid = 10355; pkgName = com.microsoft.office.outlook; SensorPower = 0.0 mAh; SensorTotalPower = 0.0 mAh
05-30 22:40:55.494  6503  7369 E Battery : AppStats: Uid = 10355; pkgName = com.microsoft.office.outlook; CameraTime = 0 ms; CameraTotalTime = 0 ms
05-30 22:40:55.494  6503  7369 E Battery : AppStats: Uid = 10355; pkgName = com.microsoft.office.outlook; CameraPower = 0.0 mAh; CameraTotalPower = 0.0 ms
05-30 22:40:55.494  6503  7369 E Battery : AppStats: Uid = 10355; pkgName = com.microsoft.office.outlook; FlashLightTime = 0 ms; FlashLightTotalTime = 0 ms
05-30 22:40:55.494  6503  7369 E Battery : AppStats: Uid = 10355; pkgName = com.microsoft.office.outlook; FlashLightPower = 0.0 mAh; FlashLightTotalPower = 0.0 mAh
05-30 22:40:55.500  6503  7369 E Battery : AppStats: Uid = 10275; pkgName = com.whatsapp; CpuTime = 251309 ms; CpuTotalTime = 298663 ms
05-30 22:40:55.500  6503  7369 E Battery : AppStats: Uid = 10275; pkgName = com.whatsapp; CpuKernelTime = 70967 ms; CpuTotalKernelTime = 76703 ms
05-30 22:40:55.500  6503  7369 E Battery : AppStats: Uid = 10275; pkgName = com.whatsapp; CpuUserTime = 180342 ms; CpuTotalUserTime = 221960 ms
05-30 22:40:55.501  6503  7369 E Battery : AppStats: Uid = 10275; pkgName = com.whatsapp; CpuPower = 10.436026944444444 mAh.; CpuTotalPower = 12.467612527777764 mAh.
05-30 22:40:55.501  6503  7369 E Battery : AppStats: Uid = 10275; pkgName = com.whatsapp; AlarmWakeupCount = 6; AlarmTotalWakeupCount = 19
05-30 22:40:55.501  6503  7369 E Battery : AppStats: Uid = 10275; pkgName = com.whatsapp; JobCount = 24; JobTime = 2349; JobTotalCount = 27; JobTotalTime = 14804
05-30 22:40:55.501  6503  7369 E Battery : AppStats: Uid = 10275; pkgName = com.whatsapp; SyncCount = 4; SyncTime = 1934; SyncTotalCount = 5; SyncTotalTime = 9137
05-30 22:40:55.501  6503  7369 E Battery : AppStats: Uid = 10275; pkgName = com.whatsapp; WakeLockTime = 7522 ms; WakeLockPower = 0.0 mAh.; WakeLockTotalTime = 84642 ms; WakeLockTotalPower = 0.15282583333333333 mAh.
05-30 22:40:55.501  6503  7369 E Battery : AppStats: Uid = 10275; pkgName = com.whatsapp; WifiRxBytes = 164777499 Bytes; WifiTxBytes = 9564928 Bytes; WifiRxPackets = 171987 ; WifiTxPackets = 154869 ; WiFiScanTimeMs = 0 ; WiFiBatchScanTimeMs = 0
05-30 22:40:55.501  6503  7369 E Battery : AppStats: Uid = 10275; pkgName = com.whatsapp; WifiRxPacketsPower = 1.065363883972168 mAh; WifiTxPacketsPower = 0.9593273997306824 mAh; WifiScanPower = 0.0 mAh; WifiBatchScanPower = 0.0 mAh; WiFiTotalPower = 2.024691343307495 mAh
05-30 22:40:55.501  6503  7369 E Battery : AppStats: Uid = 10275; pkgName = com.whatsapp; MobileRxBytes = 1681579078 Bytes; MobileTxBytes = 1230583437 Bytes; MobileRxPackets = 2637952 ; MobileTxPackets = 2294887 ; MobileActiveCount = 369 ; MobileActiveTime = 563072 ; MobileTotalRxBytes = 3767102 Bytes; MobileTotalTxBytes = 2126228 Bytes; MobileTotalRxPackets = 7491 ; MobileTotalTxPackets = 7096 ; MobileTotalActiveCount = 769 ; MobileTotalActiveTime = 1471110
05-30 22:40:55.501  6503  7369 E Battery : AppStats: Uid = 10275; pkgName = com.whatsapp; MobileRxPacketsPower = 3.193159477728395 mAh; MobileTxPacketsPower = 2.777889883654321 mAh; MobileTotalPower = 5.9710493613827165 mAh; MobileTotalRxPacketsPower = 0.00906762429629504 mAh; MobileTotalTxPacketsPower = 0.008589488987652771 mAh; MobileTotalTotalPower = 0.017657113283948256 mAh
05-30 22:40:55.501  6503  7369 E Battery : AppStats: Uid = 10275; pkgName = com.whatsapp; GpsTime = 0 ms; GpsTotalTime = 0 ms
05-30 22:40:55.501  6503  7369 E Battery : AppStats: Uid = 10275; pkgName = com.whatsapp; GpsPower = 0.0 mAh; GpsTotalPower = 0.0 mAh
05-30 22:40:55.501  6503  7369 E Battery : AppStats: Uid = 10275; pkgName = com.whatsapp; SensorTime = 2650152 ms; SensorTotalTime = 1135582 ms
05-30 22:40:55.501  6503  7369 E Battery : AppStats: Uid = 10275; pkgName = com.whatsapp; SensorPower = 0.07448469812516123 mAh; SensorTotalPower = 0.031641476904042065 mAh
05-30 22:40:55.501  6503  7369 E Battery : AppStats: Uid = 10275; pkgName = com.whatsapp; CameraTime = 5169 ms; CameraTotalTime = 919 ms
05-30 22:40:55.501  6503  7369 E Battery : AppStats: Uid = 10275; pkgName = com.whatsapp; CameraPower = 0.7638633333333333 mAh; CameraTotalPower = 0.13580777777777797 ms
05-30 22:40:55.501  6503  7369 E Battery : AppStats: Uid = 10275; pkgName = com.whatsapp; FlashLightTime = 0 ms; FlashLightTotalTime = 0 ms
05-30 22:40:55.501  6503  7369 E Battery : AppStats: Uid = 10275; pkgName = com.whatsapp; FlashLightPower = 0.0 mAh; FlashLightTotalPower = 0.0 mAh
05-30 22:40:55.505  6503  7369 E Battery : AppStats: Uid = 10277; pkgName = it.omarkiarafederico.skitracker; CpuTime = 267 ms; CpuTotalTime = -10137 ms
05-30 22:40:55.506  6503  7369 E Battery : AppStats: Uid = 10277; pkgName = it.omarkiarafederico.skitracker; CpuKernelTime = 92 ms; CpuTotalKernelTime = -1946 ms
05-30 22:40:55.506  6503  7369 E Battery : AppStats: Uid = 10277; pkgName = it.omarkiarafederico.skitracker; CpuUserTime = 175 ms; CpuTotalUserTime = -8191 ms
05-30 22:40:55.506  6503  7369 E Battery : AppStats: Uid = 10277; pkgName = it.omarkiarafederico.skitracker; CpuPower = 0.017325694444444446 mAh.; CpuTotalPower = -0.4023940277777781 mAh.
05-30 22:40:55.506  6503  7369 E Battery : AppStats: Uid = 10277; pkgName = it.omarkiarafederico.skitracker; AlarmWakeupCount = 0; AlarmTotalWakeupCount = 0
05-30 22:40:55.506  6503  7369 E Battery : AppStats: Uid = 10277; pkgName = it.omarkiarafederico.skitracker; JobCount = 0; JobTime = 0; JobTotalCount = 0; JobTotalTime = 0
05-30 22:40:55.506  6503  7369 E Battery : AppStats: Uid = 10277; pkgName = it.omarkiarafederico.skitracker; SyncCount = 0; SyncTime = 0; SyncTotalCount = 0; SyncTotalTime = 0
05-30 22:40:55.506  6503  7369 E Battery : AppStats: Uid = 10277; pkgName = it.omarkiarafederico.skitracker; WakeLockTime = 8 ms; WakeLockPower = 0.0 mAh.; WakeLockTotalTime = -53 ms; WakeLockTotalPower = -9.569444444444445E-5 mAh.
05-30 22:40:55.506  6503  7369 E Battery : AppStats: Uid = 10277; pkgName = it.omarkiarafederico.skitracker; WifiRxBytes = 164777499 Bytes; WifiTxBytes = 9564928 Bytes; WifiRxPackets = 171987 ; WifiTxPackets = 154869 ; WiFiScanTimeMs = 0 ; WiFiBatchScanTimeMs = 0
05-30 22:40:55.506  6503  7369 E Battery : AppStats: Uid = 10277; pkgName = it.omarkiarafederico.skitracker; WifiRxPacketsPower = 1.065363883972168 mAh; WifiTxPacketsPower = 0.9593273997306824 mAh; WifiScanPower = 0.0 mAh; WifiBatchScanPower = 0.0 mAh; WiFiTotalPower = 2.024691343307495 mAh
05-30 22:40:55.506  6503  7369 E Battery : AppStats: Uid = 10277; pkgName = it.omarkiarafederico.skitracker; MobileRxBytes = 8302508 Bytes; MobileTxBytes = 507352 Bytes; MobileRxPackets = 7043 ; MobileTxPackets = 5514 ; MobileActiveCount = 0 ; MobileActiveTime = 0 ; MobileTotalRxBytes = -906903 Bytes; MobileTotalTxBytes = -30198 Bytes; MobileTotalRxPackets = -652 ; MobileTotalTxPackets = -405 ; MobileTotalActiveCount = 1 ; MobileTotalActiveTime = 30984
05-30 22:40:55.506  6503  7369 E Battery : AppStats: Uid = 10277; pkgName = it.omarkiarafederico.skitracker; MobileRxPacketsPower = 0.00852533412345679 mAh; MobileTxPacketsPower = 0.006674526814814815 mAh; MobileTotalPower = 0.015199860938271605 mAh; MobileTotalRxPacketsPower = -7.892258765432075E-4 mAh; MobileTotalTxPacketsPower = -4.902399999999953E-4 mAh; MobileTotalTotalPower = -0.001279465876543204 mAh
05-30 22:40:55.506  6503  7369 E Battery : AppStats: Uid = 10277; pkgName = it.omarkiarafederico.skitracker; GpsTime = 5343368 ms; GpsTotalTime = 2797176 ms
05-30 22:40:55.506  6503  7369 E Battery : AppStats: Uid = 10277; pkgName = it.omarkiarafederico.skitracker; GpsPower = 111.32016666666667 mAh; GpsTotalPower = 58.27449999999998 mAh
05-30 22:40:55.506  6503  7369 E Battery : AppStats: Uid = 10277; pkgName = it.omarkiarafederico.skitracker; SensorTime = 0 ms; SensorTotalTime = 0 ms
05-30 22:40:55.506  6503  7369 E Battery : AppStats: Uid = 10277; pkgName = it.omarkiarafederico.skitracker; SensorPower = 0.0 mAh; SensorTotalPower = 0.0 mAh
05-30 22:40:55.506  6503  7369 E Battery : AppStats: Uid = 10277; pkgName = it.omarkiarafederico.skitracker; CameraTime = 0 ms; CameraTotalTime = 0 ms
05-30 22:40:55.506  6503  7369 E Battery : AppStats: Uid = 10277; pkgName = it.omarkiarafederico.skitracker; CameraPower = 0.0 mAh; CameraTotalPower = 0.0 ms
05-30 22:40:55.506  6503  7369 E Battery : AppStats: Uid = 10277; pkgName = it.omarkiarafederico.skitracker; FlashLightTime = 0 ms; FlashLightTotalTime = 0 ms
05-30 22:40:55.506  6503  7369 E Battery : AppStats: Uid = 10277; pkgName = it.omarkiarafederico.skitracker; FlashLightPower = 0.0 mAh; FlashLightTotalPower = 0.0 mAh
05-30 22:40:55.510  6503  7369 E Battery : AppStats: Uid = 10282; pkgName = com.dazn; CpuTime = 0 ms; CpuTotalTime = 640 ms
05-30 22:40:55.510  6503  7369 E Battery : AppStats: Uid = 10282; pkgName = com.dazn; CpuKernelTime = 0 ms; CpuTotalKernelTime = 236 ms
05-30 22:40:55.510  6503  7369 E Battery : AppStats: Uid = 10282; pkgName = com.dazn; CpuUserTime = 0 ms; CpuTotalUserTime = 404 ms
05-30 22:40:55.510  6503  7369 E Battery : AppStats: Uid = 10282; pkgName = com.dazn; CpuPower = 0.0 mAh.; CpuTotalPower = 0.027743263888888925 mAh.
05-30 22:40:55.510  6503  7369 E Battery : AppStats: Uid = 10282; pkgName = com.dazn; AlarmWakeupCount = 0; AlarmTotalWakeupCount = 0
05-30 22:40:55.510  6503  7369 E Battery : AppStats: Uid = 10282; pkgName = com.dazn; JobCount = 0; JobTime = 0; JobTotalCount = 0; JobTotalTime = 177148
05-30 22:40:55.510  6503  7369 E Battery : AppStats: Uid = 10282; pkgName = com.dazn; SyncCount = 0; SyncTime = 0; SyncTotalCount = 0; SyncTotalTime = 0
05-30 22:40:55.510  6503  7369 E Battery : AppStats: Uid = 10282; pkgName = com.dazn; WakeLockTime = 0 ms; WakeLockPower = 0.0 mAh.; WakeLockTotalTime = 1612 ms; WakeLockTotalPower = 0.0029105555555555556 mAh.
05-30 22:40:55.510  6503  7369 E Battery : AppStats: Uid = 10282; pkgName = com.dazn; WifiRxBytes = 164777499 Bytes; WifiTxBytes = 9564928 Bytes; WifiRxPackets = 171987 ; WifiTxPackets = 154869 ; WiFiScanTimeMs = 0 ; WiFiBatchScanTimeMs = 0
05-30 22:40:55.510  6503  7369 E Battery : AppStats: Uid = 10282; pkgName = com.dazn; WifiRxPacketsPower = 1.065363883972168 mAh; WifiTxPacketsPower = 0.9593273997306824 mAh; WifiScanPower = 0.0 mAh; WifiBatchScanPower = 0.0 mAh; WiFiTotalPower = 2.024691343307495 mAh
05-30 22:40:55.510  6503  7369 E Battery : AppStats: Uid = 10282; pkgName = com.dazn; MobileRxBytes = 5149438474 Bytes; MobileTxBytes = 96461221 Bytes; MobileRxPackets = 3940426 ; MobileTxPackets = 905170 ; MobileActiveCount = 0 ; MobileActiveTime = 0 ; MobileTotalRxBytes = 40908 Bytes; MobileTotalTxBytes = 7386 Bytes; MobileTotalRxPackets = 54 ; MobileTotalTxPackets = 53 ; MobileTotalActiveCount = 4 ; MobileTotalActiveTime = 1078
05-30 22:40:55.510  6503  7369 E Battery : AppStats: Uid = 10282; pkgName = com.dazn; MobileRxPacketsPower = 4.76976405491358 mAh; MobileTxPacketsPower = 1.0956803476543209 mAh; MobileTotalPower = 5.865444402567901 mAh; MobileTotalRxPacketsPower = 6.536533333445504E-5 mAh; MobileTotalTxPacketsPower = 6.41548641975298E-5 mAh; MobileTotalTotalPower = 1.2952019753242894E-4 mAh
05-30 22:40:55.510  6503  7369 E Battery : AppStats: Uid = 10282; pkgName = com.dazn; GpsTime = 0 ms; GpsTotalTime = 0 ms
05-30 22:40:55.511  6503  7369 E Battery : AppStats: Uid = 10282; pkgName = com.dazn; GpsPower = 0.0 mAh; GpsTotalPower = 0.0 mAh
05-30 22:40:55.511  6503  7369 E Battery : AppStats: Uid = 10282; pkgName = com.dazn; SensorTime = 0 ms; SensorTotalTime = 0 ms
05-30 22:40:55.511  6503  7369 E Battery : AppStats: Uid = 10282; pkgName = com.dazn; SensorPower = 0.0 mAh; SensorTotalPower = 0.0 mAh
05-30 22:40:55.511  6503  7369 E Battery : AppStats: Uid = 10282; pkgName = com.dazn; CameraTime = 0 ms; CameraTotalTime = 0 ms
05-30 22:40:55.511  6503  7369 E Battery : AppStats: Uid = 10282; pkgName = com.dazn; CameraPower = 0.0 mAh; CameraTotalPower = 0.0 ms
05-30 22:40:55.511  6503  7369 E Battery : AppStats: Uid = 10282; pkgName = com.dazn; FlashLightTime = 0 ms; FlashLightTotalTime = 0 ms
05-30 22:40:55.511  6503  7369 E Battery : AppStats: Uid = 10282; pkgName = com.dazn; FlashLightPower = 0.0 mAh; FlashLightTotalPower = 0.0 mAh
05-30 22:40:55.514  6503  7369 E Battery : AppStats: Uid = 10290; pkgName = com.masarat.salati; CpuTime = 6725 ms; CpuTotalTime = 3292 ms
05-30 22:40:55.514  6503  7369 E Battery : AppStats: Uid = 10290; pkgName = com.masarat.salati; CpuKernelTime = 844 ms; CpuTotalKernelTime = 978 ms
05-30 22:40:55.514  6503  7369 E Battery : AppStats: Uid = 10290; pkgName = com.masarat.salati; CpuUserTime = 5881 ms; CpuTotalUserTime = 2314 ms
05-30 22:40:55.514  6503  7369 E Battery : AppStats: Uid = 10290; pkgName = com.masarat.salati; CpuPower = 0.20574166666666666 mAh.; CpuTotalPower = 0.11574180555555552 mAh.
05-30 22:40:55.514  6503  7369 E Battery : AppStats: Uid = 10290; pkgName = com.masarat.salati; AlarmWakeupCount = 1; AlarmTotalWakeupCount = 4
05-30 22:40:55.514  6503  7369 E Battery : AppStats: Uid = 10290; pkgName = com.masarat.salati; JobCount = 0; JobTime = 0; JobTotalCount = 0; JobTotalTime = 0
05-30 22:40:55.514  6503  7369 E Battery : AppStats: Uid = 10290; pkgName = com.masarat.salati; SyncCount = 0; SyncTime = 0; SyncTotalCount = 0; SyncTotalTime = 0
05-30 22:40:55.514  6503  7369 E Battery : AppStats: Uid = 10290; pkgName = com.masarat.salati; WakeLockTime = 54 ms; WakeLockPower = 0.0 mAh.; WakeLockTotalTime = 352 ms; WakeLockTotalPower = 6.355555555555555E-4 mAh.
05-30 22:40:55.514  6503  7369 E Battery : AppStats: Uid = 10290; pkgName = com.masarat.salati; WifiRxBytes = 164777499 Bytes; WifiTxBytes = 9564928 Bytes; WifiRxPackets = 171987 ; WifiTxPackets = 154869 ; WiFiScanTimeMs = 0 ; WiFiBatchScanTimeMs = 0
05-30 22:40:55.514  6503  7369 E Battery : AppStats: Uid = 10290; pkgName = com.masarat.salati; WifiRxPacketsPower = 1.065363883972168 mAh; WifiTxPacketsPower = 0.9593273997306824 mAh; WifiScanPower = 0.0 mAh; WifiBatchScanPower = 0.0 mAh; WiFiTotalPower = 2.024691343307495 mAh
05-30 22:40:55.514  6503  7369 E Battery : AppStats: Uid = 10290; pkgName = com.masarat.salati; MobileRxBytes = 1031269 Bytes; MobileTxBytes = 386920 Bytes; MobileRxPackets = 2294 ; MobileTxPackets = 2562 ; MobileActiveCount = 0 ; MobileActiveTime = 0 ; MobileTotalRxBytes = 12527 Bytes; MobileTotalTxBytes = 5239 Bytes; MobileTotalRxPackets = 25 ; MobileTotalTxPackets = 32 ; MobileTotalActiveCount = 3 ; MobileTotalActiveTime = 0
